******************************************************************************
            TI ARM Clang Linker PC v4.0.3                      
******************************************************************************
>> Linked Thu Jul 31 09:42:52 2025

OUTPUT FILE NAME:   <car_demo.out>
ENTRY POINT SYMBOL: "_c_int00_noargs"  address: 00002935


MEMORY CONFIGURATION

         name            origin    length      used     unused   attr    fill
----------------------  --------  ---------  --------  --------  ----  --------
  FLASH                 00000000   00020000  00004aa8  0001b558  R  X
  SRAM                  20200000   00008000  000007de  00007822  RW X
  BCR_CONFIG            41c00000   000000ff  00000000  000000ff  R   
  BSL_CONFIG            41c00100   00000080  00000000  00000080  R   


SEGMENT ALLOCATION MAP

run origin  load origin   length   init length attrs members
----------  ----------- ---------- ----------- ----- -------
00000000    00000000    00004aa8   00004aa8    r-x
  00000000    00000000    000000c0   000000c0    r-- .intvecs
  000000c0    000000c0    00002e48   00002e48    r-x .text
  00002f08    00002f08    00001b70   00001b70    r-- .rodata
  00004a78    00004a78    00000030   00000030    r-- .cinit
20200000    20200000    000005de   00000000    rw-
  20200000    20200000    000005dc   00000000    rw- .bss
  202005dc    202005dc    00000002   00000000    rw- .data
20207e00    20207e00    00000200   00000000    rw-
  20207e00    20207e00    00000200   00000000    rw- .stack


SECTION ALLOCATION MAP

 output                                  attributes/
section   page    origin      length       input sections
--------  ----  ----------  ----------   ----------------
.intvecs   0    00000000    000000c0     
                  00000000    000000c0     startup_mspm0g350x_ticlang.o (.intvecs)

.text      0    000000c0    00002e48     
                  000000c0    0000039c     Mode_UI.o (.text.UI_Control)
                  0000045c    00000334     Mode_UI.o (.text.config)
                  00000790    00000288     Mode_UI.o (.text.further)
                  00000a18    00000210     ti_msp_dl_config.o (.text.SYSCFG_DL_GPIO_init)
                  00000c28    000001d0     oled.o (.text.OLED_ShowChar)
                  00000df8    00000158     Mode_trace.o (.text.trace_to_cross)
                  00000f50    00000110     dl_timer.o (.text.DL_Timer_initTwoCCPWMMode)
                  00001060    00000100     oled.o (.text.OLED_Init)
                  00001160    000000f0     Mode_path.o (.text.get_Terror)
                  00001250    000000ec     dl_sysctl_mspm0g1x0x_g3x0x.o (.text.DL_SYSCTL_configSYSPLL)
                  0000133c    000000ec     dl_timer.o (.text.DL_Timer_initFourCCPWMMode)
                  00001428    000000e8     TB6612.o (.text.Set_PWM)
                  00001510    000000d8     Mode_pid.o (.text.PID_Compute)
                  000015e8    000000d8     libclang_rt.builtins.a : addsf3.S.obj (.text)
                  000016c0    000000b4     oled.o (.text.OLED_WR_Byte)
                  00001774    000000ac     Mode_path.o (.text.get_T_ALL)
                  00001820    0000009e     Mode_turn.o (.text.autoturn)
                  000018be    0000009a     oled.o (.text.OLED_ShowString)
                  00001958    0000009a     Mode_path.o (.text.get_T)
                  000019f2    00000002     config.o (.text.config2)
                  000019f4    00000098     Mode_trace.o (.text.trace)
                  00001a8c    00000090     oled.o (.text.OLED_DrawPoint)
                  00001b1c    00000090     ti_msp_dl_config.o (.text.SYSCFG_DL_MOTOR_PWM_init)
                  00001bac    0000008c     libclang_rt.builtins.a : mulsf3.S.obj (.text.__mulsf3)
                  00001c38    00000084     ti_msp_dl_config.o (.text.__NVIC_SetPriority)
                  00001cbc    00000082     libclang_rt.builtins.a : divsf3.S.obj (.text.__divsf3)
                  00001d3e    00000002     config.o (.text.config3)
                  00001d40    0000007c     oled.o (.text.OLED_Refresh)
                  00001dbc    0000007c     libc.a : copy_decompress_lzss.c.obj (.text:decompress:lzss)
                  00001e38    00000068     ti_msp_dl_config.o (.text.SYSCFG_DL_initPower)
                  00001ea0    00000062     libclang_rt.builtins.a : aeabi_fcmp.S.obj (.text.__aeabi_fcmp)
                  00001f02    00000002     config.o (.text.config4)
                  00001f04    00000060     oled.o (.text.OLED_Clear)
                  00001f64    0000005c     ti_msp_dl_config.o (.text.SYSCFG_DL_ENCODER_QEI_init)
                  00001fc0    0000005a     Mode_config.o (.text.config_trace_sensor)
                  0000201a    00000058     Mode_pid.o (.text.PID_Init)
                  00002072    00000002     config.o (.text.config5)
                  00002074    00000058     ti_msp_dl_config.o (.text.SYSCFG_DL_I2C_MPU6050_init)
                  000020cc    00000054     ti_msp_dl_config.o (.text.DL_Timer_configQEI)
                  00002120    0000004c     dl_sysctl_mspm0g1x0x_g3x0x.o (.text.DL_SYSCTL_switchMCLKfromSYSOSCtoHSCLK)
                  0000216c    0000004c     main.o (.text.GROUP1_IRQHandler)
                  000021b8    00000048     ti_msp_dl_config.o (.text.SYSCFG_DL_SYSCTL_init)
                  00002200    00000048     Mode_motion.o (.text.stop)
                  00002248    00000040     dl_timer.o (.text.DL_Timer_setCaptureCompareOutCtl)
                  00002288    00000040     TB6612.o (.text.TB6612_Init)
                  000022c8    0000003c     ti_msp_dl_config.o (.text.DL_GPIO_initPeripheralInputFunctionFeatures)
                  00002304    0000003c     dl_timer.o (.text.DL_Timer_setCaptureCompareCtl)
                  00002340    0000003c     ti_msp_dl_config.o (.text.DL_Timer_setCounterControl)
                  0000237c    0000003c     libclang_rt.builtins.a : comparesf2.S.obj (.text.__gtsf2)
                  000023b8    0000003c     libc.a : autoinit.c.obj (.text:__TI_auto_init_nobinit_nopinit)
                  000023f4    0000003a     libclang_rt.builtins.a : comparesf2.S.obj (.text.__eqsf2)
                  0000242e    00000002     config.o (.text.config6)
                  00002430    0000003a     libclang_rt.builtins.a : muldsi3.S.obj (.text.__muldsi3)
                  0000246a    00000002     config.o (.text.config7)
                  0000246c    00000038     libclang_rt.builtins.a : fixsfsi.S.obj (.text.__fixsfsi)
                  000024a4    00000034     ti_msp_dl_config.o (.text.DL_GPIO_initDigitalInputFeatures)
                  000024d8    00000034     dl_i2c.o (.text.DL_I2C_setClockConfig)
                  0000250c    00000034     dl_timer.o (.text.DL_Timer_setCaptCompUpdateMethod)
                  00002540    00000034     dl_timer.o (.text.DL_Timer_setCaptureCompareAction)
                  00002574    00000034     dl_timer.o (.text.DL_Timer_setCaptureCompareInput)
                  000025a8    00000034     dl_timer.o (.text.DL_Timer_setClockConfig)
                  000025dc    00000034     ti_msp_dl_config.o (.text.SYSCFG_DL_init)
                  00002610    00000030     Mode_motion.o (.text.DL_GPIO_writePinsVal)
                  00002640    00000030     Mode_path.o (.text.get_TL1)
                  00002670    00000030     Mode_path.o (.text.get_TL2)
                  000026a0    00000030     Mode_path.o (.text.get_TL3)
                  000026d0    00000030     Mode_path.o (.text.get_TL4)
                  00002700    00000030     Mode_path.o (.text.get_TR1)
                  00002730    00000030     Mode_path.o (.text.get_TR2)
                  00002760    00000030     Mode_path.o (.text.get_TR3)
                  00002790    00000030     Mode_path.o (.text.get_TR4)
                  000027c0    0000002c     dl_timer.o (.text.DL_Timer_setCaptureCompareValue)
                  000027ec    0000002c     main.o (.text.__NVIC_EnableIRQ)
                  00002818    0000002c     delay.o (.text.delay_ms)
                  00002844    00000028     dl_i2c.o (.text.DL_Common_updateReg)
                  0000286c    00000028     dl_sysctl_mspm0g1x0x_g3x0x.o (.text.DL_Common_updateReg)
                  00002894    00000028     dl_timer.o (.text.DL_Common_updateReg)
                  000028bc    00000028     ti_msp_dl_config.o (.text.DL_Common_updateReg)
                  000028e4    00000028     ti_msp_dl_config.o (.text.DL_I2C_setControllerRXFIFOThreshold)
                  0000290c    00000028     ti_msp_dl_config.o (.text.DL_I2C_setControllerTXFIFOThreshold)
                  00002934    00000028     libc.a : boot_cortex_m.c.obj (.text:_c_int00_noargs)
                  0000295c    00000026     ti_msp_dl_config.o (.text.DL_I2C_setAnalogGlitchFilterPulseWidth)
                  00002982    00000002     config.o (.text.config8)
                  00002984    00000024     basic_task.o (.text.task1)
                  000029a8    00000022     main.o (.text.main)
                  000029ca    00000002     config.o (.text.config9)
                  000029cc    00000020     dl_sysctl_mspm0g1x0x_g3x0x.o (.text.DL_CORE_configInstruction)
                  000029ec    00000020     ti_msp_dl_config.o (.text.DL_GPIO_initPeripheralInputFunction)
                  00002a0c    00000020     ti_msp_dl_config.o (.text.DL_SYSCTL_setFlashWaitState)
                  00002a2c    00000020     dl_timer.o (.text.DL_Timer_setCounterValueAfterEnable)
                  00002a4c    0000001c     ti_msp_dl_config.o (.text.DL_GPIO_clearInterruptStatus)
                  00002a68    0000001c     ti_msp_dl_config.o (.text.DL_GPIO_enableHiZ)
                  00002a84    0000001c     ti_msp_dl_config.o (.text.DL_GPIO_enableInterrupt)
                  00002aa0    0000001c     ti_msp_dl_config.o (.text.DL_GPIO_initPeripheralOutputFunction)
                  00002abc    0000001c     ti_msp_dl_config.o (.text.DL_GPIO_setLowerPinsInputFilter)
                  00002ad8    0000001c     ti_msp_dl_config.o (.text.DL_GPIO_setLowerPinsPolarity)
                  00002af4    0000001c     main.o (.text.DL_Interrupt_getPendingGroup)
                  00002b10    0000001c     ti_msp_dl_config.o (.text.DL_SYSCTL_setSYSOSCFreq)
                  00002b2c    0000001c     ti_msp_dl_config.o (.text.DL_SYSCTL_setULPCLKDivider)
                  00002b48    0000001c     ti_msp_dl_config.o (.text.DL_Timer_enableInterrupt)
                  00002b64    00000018     ti_msp_dl_config.o (.text.DL_GPIO_enableOutput)
                  00002b7c    00000018     ti_msp_dl_config.o (.text.DL_GPIO_enablePower)
                  00002b94    00000018     ti_msp_dl_config.o (.text.DL_GPIO_initDigitalOutput)
                  00002bac    00000018     ti_msp_dl_config.o (.text.DL_GPIO_reset)
                  00002bc4    00000018     oled.o (.text.DL_GPIO_setPins)
                  00002bdc    00000018     ti_msp_dl_config.o (.text.DL_GPIO_setUpperPinsPolarity)
                  00002bf4    00000018     ti_msp_dl_config.o (.text.DL_I2C_enableAnalogGlitchFilter)
                  00002c0c    00000018     ti_msp_dl_config.o (.text.DL_I2C_enableController)
                  00002c24    00000018     ti_msp_dl_config.o (.text.DL_I2C_enableControllerClockStretching)
                  00002c3c    00000018     ti_msp_dl_config.o (.text.DL_I2C_enablePower)
                  00002c54    00000018     ti_msp_dl_config.o (.text.DL_I2C_reset)
                  00002c6c    00000018     ti_msp_dl_config.o (.text.DL_I2C_setTimerPeriod)
                  00002c84    00000018     ti_msp_dl_config.o (.text.DL_SYSCTL_setBORThreshold)
                  00002c9c    00000018     dl_sysctl_mspm0g1x0x_g3x0x.o (.text.DL_SYSCTL_setHSCLKSource)
                  00002cb4    00000018     ti_msp_dl_config.o (.text.DL_Timer_enablePower)
                  00002ccc    00000018     ti_msp_dl_config.o (.text.DL_Timer_reset)
                  00002ce4    00000018     dl_timer.o (.text.DL_Timer_setLoadValue)
                  00002cfc    00000018     ti_msp_dl_config.o (.text.DL_Timer_setLoadValue)
                  00002d14    00000018     TB6612.o (.text.DL_Timer_startCounter)
                  00002d2c    00000016     Mode_path.o (.text.DL_GPIO_readPins)
                  00002d42    00000014     dl_common.o (.text.DL_Common_delayCycles)
                  00002d56    00000014     TB6612.o (.text.DL_GPIO_clearPins)
                  00002d6a    00000014     oled.o (.text.DL_GPIO_clearPins)
                  00002d7e    00000014     ti_msp_dl_config.o (.text.DL_GPIO_clearPins)
                  00002d92    00000014     TB6612.o (.text.DL_GPIO_writePins)
                  00002da6    00000002     further_task.o (.text.further_task1)
                  00002da8    00000014     ti_msp_dl_config.o (.text.DL_I2C_resetControllerTransfer)
                  00002dbc    00000014     dl_sysctl_mspm0g1x0x_g3x0x.o (.text.DL_SYSCTL_disableSYSPLL)
                  00002dd0    00000014     ti_msp_dl_config.o (.text.DL_SYSCTL_disableSYSPLL)
                  00002de4    00000014     ti_msp_dl_config.o (.text.DL_Timer_enableClock)
                  00002df8    00000014     ti_msp_dl_config.o (.text.DL_Timer_setCCPDirection)
                  00002e0c    00000014     TB6612.o (.text.DL_Timer_setTimerCount)
                  00002e20    00000014     delay.o (.text.delay_us)
                  00002e34    00000014     basic_task.o (.text.task2)
                  00002e48    00000012     main.o (.text.DL_GPIO_getPendingInterrupt)
                  00002e5a    00000012     libc.a : memcpy16.S.obj (.text:TI_memcpy_small)
                  00002e6c    00000012            : copy_decompress_none.c.obj (.text:decompress:none)
                  00002e7e    00000002     further_task.o (.text.further_task2)
                  00002e80    00000010     dl_sysctl_mspm0g1x0x_g3x0x.o (.text.DL_CORE_getInstructionConfig)
                  00002e90    00000010     ti_msp_dl_config.o (.text.DL_SYSCTL_disableHFXT)
                  00002ea0    00000010     libc.a : copy_zero_init.c.obj (.text:decompress:ZI)
                  00002eb0    0000000e            : memset16.S.obj (.text:TI_memset_small)
                  00002ebe    00000002     further_task.o (.text.further_task3)
                  00002ec0    0000000c     dl_sysctl_mspm0g1x0x_g3x0x.o (.text.DL_SYSCTL_getClockStatus)
                  00002ecc    0000000c     libclang_rt.builtins.a : aeabi_memset.S.obj (.text.__aeabi_memclr)
                  00002ed8    00000008                            : aeabi_memcpy.S.obj (.text.__aeabi_memcpy)
                  00002ee0    00000008     config.o (.text.config1)
                  00002ee8    00000006     libc.a : exit.c.obj (.text:abort)
                  00002eee    00000004     startup_mspm0g350x_ticlang.o (.text.Default_Handler)
                  00002ef2    00000004     libsysbm.a : hostexit.c.obj (.text.HOSTexit)
                  00002ef6    00000004     startup_mspm0g350x_ticlang.o (.text.Reset_Handler)
                  00002efa    00000004     libc.a : pre_init.c.obj (.text._system_pre_init)
                  00002efe    00000002     further_task.o (.text.further_task4)
                  00002f00    00000002     basic_task.o (.text.task3)
                  00002f02    00000002     basic_task.o (.text.task4)
                  00002f04    00000004     --HOLE-- [fill = 0]

.cinit     0    00004a78    00000030     
                  00004a78    0000000c     (__TI_handler_table)
                  00004a84    00000008     (.cinit..bss.load) [load image, compression = zero_init]
                  00004a8c    00000006     (.cinit..data.load) [load image, compression = lzss]
                  00004a92    00000002     --HOLE-- [fill = 0]
                  00004a94    00000010     (__TI_cinit_table)
                  00004aa4    00000004     --HOLE-- [fill = 0]

.rodata    0    00002f08    00001b70     
                  00002f08    00000d5c     oledfont.o (.rodata.asc2_2412)
                  00003c64    000005f0     oledfont.o (.rodata.asc2_1608)
                  00004254    00000474     oledfont.o (.rodata.asc2_1206)
                  000046c8    00000228     oledfont.o (.rodata.asc2_0806)
                  000048f0    00000028     ti_msp_dl_config.o (.rodata.gSYSPLLConfig)
                  00004918    00000015     Mode_UI.o (.rodata.str1.9398604519517753416.1)
                  0000492d    00000014     Mode_UI.o (.rodata.str1.3220415122164112348.1)
                  00004941    00000012     Mode_UI.o (.rodata.str1.2659898443897812171.1)
                  00004953    0000000f     Mode_UI.o (.rodata.str1.5687399098059749994.1)
                  00004962    0000000e     Mode_UI.o (.rodata.str1.17273783578446644077.1)
                  00004970    0000000e     Mode_UI.o (.rodata.str1.17903138123765516645.1)
                  0000497e    0000000d     Mode_UI.o (.rodata.str1.17554910526266905024.1)
                  0000498b    0000000c     Mode_UI.o (.rodata.str1.133509276630806808.1)
                  00004997    0000000c     Mode_UI.o (.rodata.str1.9398939867079619760.1)
                  000049a3    0000000b     Mode_UI.o (.rodata.str1.5289619750223788370.1)
                  000049ae    0000000a     Mode_UI.o (.rodata.str1.14651154185572455840.1)
                  000049b8    0000000a     Mode_UI.o (.rodata.str1.17470811488106507360.1)
                  000049c2    0000000a     Mode_UI.o (.rodata.str1.8122022672339643513.1)
                  000049cc    0000000a     Mode_UI.o (.rodata.str1.9259395626480816769.1)
                  000049d6    00000009     Mode_UI.o (.rodata.str1.1158699030343323510.1)
                  000049df    00000009     Mode_UI.o (.rodata.str1.16408302224846283483.1)
                  000049e8    00000009     Mode_UI.o (.rodata.str1.17888245425876177022.1)
                  000049f1    00000009     Mode_UI.o (.rodata.str1.2534945821874255006.1)
                  000049fa    00000009     Mode_UI.o (.rodata.str1.2713800999186622667.1)
                  00004a03    00000009     Mode_UI.o (.rodata.str1.4430172499273297100.1)
                  00004a0c    00000009     Mode_UI.o (.rodata.str1.448009123059621122.1)
                  00004a15    00000009     Mode_UI.o (.rodata.str1.4886152204632382469.1)
                  00004a1e    00000009     Mode_UI.o (.rodata.str1.8422704260633952780.1)
                  00004a27    00000001     --HOLE-- [fill = 0]
                  00004a28    00000008     ti_msp_dl_config.o (.rodata.gMOTOR_PWMConfig)
                  00004a30    00000008     Mode_UI.o (.rodata.str1.17499225648165647088.1)
                  00004a38    00000008     Mode_UI.o (.rodata.str1.3306419673866654206.1)
                  00004a40    00000007     Mode_UI.o (.rodata.str1.10111273579278039761.1)
                  00004a47    00000007     Mode_UI.o (.rodata.str1.12913302348418264938.1)
                  00004a4e    00000007     Mode_UI.o (.rodata.str1.17880849611852273050.1)
                  00004a55    00000007     Mode_UI.o (.rodata.str1.6345238302782819900.1)
                  00004a5c    00000007     Mode_UI.o (.rodata.str1.8251637588713991517.1)
                  00004a63    00000006     Mode_UI.o (.rodata.str1.868101863306109378.1)
                  00004a69    00000005     Mode_UI.o (.rodata.str1.3346421618922241076.1)
                  00004a6e    00000003     ti_msp_dl_config.o (.rodata.gENCODER_QEIClockConfig)
                  00004a71    00000003     ti_msp_dl_config.o (.rodata.gMOTOR_PWMClockConfig)
                  00004a74    00000002     ti_msp_dl_config.o (.rodata.gI2C_MPU6050ClockConfig)
                  00004a76    00000002     --HOLE-- [fill = 0]

.init_array 
*          0    00000000    00000000     UNINITIALIZED

.binit     0    00000000    00000000     

.bss       0    20200000    000005dc     UNINITIALIZED
                  20200000    00000480     (.common:OLED_GRAM)
                  20200480    000000bc     (.common:gMOTOR_PWMBackup)
                  2020053c    000000a0     (.common:gENCODER_QEIBackup)

.data      0    202005dc    00000002     UNINITIALIZED
                  202005dc    00000001     main.o (.data.key1state)
                  202005dd    00000001     main.o (.data.key2state)

.stack     0    20207e00    00000200     UNINITIALIZED
                  20207e00    00000004     libc.a : boot_cortex_m.c.obj (.stack)
                  20207e04    000001fc     --HOLE--

__llvm_prf_cnts 
*          0    20200000    00000000     UNINITIALIZED

__llvm_prf_bits 
*          0    20200000    00000000     UNINITIALIZED

MODULE SUMMARY

       Module                         code    ro data   rw data
       ------                         ----    -------   -------
    .\
       ti_msp_dl_config.o             2418    56        348    
       main.o                         200     0         2      
       startup_mspm0g350x_ticlang.o   8       192       0      
       delay.o                        64      0         0      
    +--+------------------------------+-------+---------+---------+
       Total:                         2690    248       350    
                                                               
    .\Hardware\Src\
       oledfont.o                     0       6632      0      
       oled.o                         1462    0         1152   
       TB6612.o                       380     0         0      
    +--+------------------------------+-------+---------+---------+
       Total:                         1842    6632      1152   
                                                               
    .\Mode\Src\
       Mode_UI.o                      2392    333       0      
       Mode_path.o                    972     0         0      
       Mode_trace.o                   496     0         0      
       Mode_pid.o                     304     0         0      
       Mode_turn.o                    158     0         0      
       Mode_motion.o                  120     0         0      
       Mode_config.o                  90      0         0      
    +--+------------------------------+-------+---------+---------+
       Total:                         4532    333       0      
                                                               
    .\Task\Src\
       basic_task.o                   60      0         0      
       config.o                       24      0         0      
       further_task.o                 8       0         0      
    +--+------------------------------+-------+---------+---------+
       Total:                         92      0         0      
                                                               
    .\ti\driverlib\
       dl_timer.o                     980     0         0      
       dl_i2c.o                       92      0         0      
       dl_common.o                    20      0         0      
    +--+------------------------------+-------+---------+---------+
       Total:                         1092    0         0      
                                                               
    .\ti\driverlib\m0p\sysctl\
       dl_sysctl_mspm0g1x0x_g3x0x.o   456     0         0      
    +--+------------------------------+-------+---------+---------+
       Total:                         456     0         0      
                                                               
    C:\ti\ccs2020\ccs\tools\compiler\ti-cgt-armllvm_4.0.3.LTS\lib\armv6m-ti-none-eabi/c/libc.a
       copy_decompress_lzss.c.obj     124     0         0      
       autoinit.c.obj                 60      0         0      
       boot_cortex_m.c.obj            40      0         0      
       copy_decompress_none.c.obj     18      0         0      
       memcpy16.S.obj                 18      0         0      
       copy_zero_init.c.obj           16      0         0      
       memset16.S.obj                 14      0         0      
       exit.c.obj                     6       0         0      
       pre_init.c.obj                 4       0         0      
    +--+------------------------------+-------+---------+---------+
       Total:                         300     0         0      
                                                               
    C:\ti\ccs2020\ccs\tools\compiler\ti-cgt-armllvm_4.0.3.LTS\lib\armv6m-ti-none-eabi/c/libsysbm.a
       hostexit.c.obj                 4       0         0      
    +--+------------------------------+-------+---------+---------+
       Total:                         4       0         0      
                                                               
    C:\ti\ccs2020\ccs\tools\compiler\ti-cgt-armllvm_4.0.3.LTS\lib\armv6m-ti-none-eabi/libclang_rt.builtins.a
       addsf3.S.obj                   216     0         0      
       mulsf3.S.obj                   140     0         0      
       divsf3.S.obj                   130     0         0      
       comparesf2.S.obj               118     0         0      
       aeabi_fcmp.S.obj               98      0         0      
       muldsi3.S.obj                  58      0         0      
       fixsfsi.S.obj                  56      0         0      
       aeabi_memset.S.obj             12      0         0      
       aeabi_memcpy.S.obj             8       0         0      
    +--+------------------------------+-------+---------+---------+
       Total:                         836     0         0      
                                                               
       Stack:                         0       0         512    
       Linker Generated:              0       42        0      
    +--+------------------------------+-------+---------+---------+
       Grand Total:                   11844   7255      2014   


LINKER GENERATED COPY TABLES

__TI_cinit_table @ 00004a94 records: 2, size/record: 8, table size: 16
	.bss: load addr=00004a84, load size=00000008 bytes, run addr=20200000, run size=000005dc bytes, compression=zero_init
	.data: load addr=00004a8c, load size=00000006 bytes, run addr=202005dc, run size=00000002 bytes, compression=lzss


LINKER GENERATED HANDLER TABLE

__TI_handler_table @ 00004a78 records: 3, size/record: 4, table size: 12
	index: 0, handler: __TI_decompress_lzss
	index: 1, handler: __TI_decompress_none
	index: 2, handler: __TI_zero_init


GLOBAL SYMBOLS: SORTED ALPHABETICALLY BY Name 

address   name                                 
-------   ----                                 
00002eef  ADC0_IRQHandler                      
00002eef  ADC1_IRQHandler                      
00002eef  AES_IRQHandler                       
00002ef2  C$$EXIT                              
00002eef  CANFD0_IRQHandler                    
00002eef  DAC0_IRQHandler                      
00002d43  DL_Common_delayCycles                
000024d9  DL_I2C_setClockConfig                
00001251  DL_SYSCTL_configSYSPLL               
00002121  DL_SYSCTL_switchMCLKfromSYSOSCtoHSCLK
0000133d  DL_Timer_initFourCCPWMMode           
0000250d  DL_Timer_setCaptCompUpdateMethod     
00002541  DL_Timer_setCaptureCompareAction     
00002305  DL_Timer_setCaptureCompareCtl        
00002575  DL_Timer_setCaptureCompareInput      
00002249  DL_Timer_setCaptureCompareOutCtl     
000027c1  DL_Timer_setCaptureCompareValue      
000025a9  DL_Timer_setClockConfig              
00002eef  DMA_IRQHandler                       
00002eef  Default_Handler                      
00002eef  GROUP0_IRQHandler                    
0000216d  GROUP1_IRQHandler                    
00002ef3  HOSTexit                             
00002eef  HardFault_Handler                    
00002eef  I2C0_IRQHandler                      
00002eef  I2C1_IRQHandler                      
00002eef  NMI_Handler                          
00001f05  OLED_Clear                           
00001a8d  OLED_DrawPoint                       
20200000  OLED_GRAM                            
00001061  OLED_Init                            
00001d41  OLED_Refresh                         
00000c29  OLED_ShowChar                        
000018bf  OLED_ShowString                      
000016c1  OLED_WR_Byte                         
00001511  PID_Compute                          
0000201b  PID_Init                             
00002eef  PendSV_Handler                       
00002eef  RTC_IRQHandler                       
00002ef7  Reset_Handler                        
00002eef  SPI0_IRQHandler                      
00002eef  SPI1_IRQHandler                      
00002eef  SVC_Handler                          
00001f65  SYSCFG_DL_ENCODER_QEI_init           
00000a19  SYSCFG_DL_GPIO_init                  
00002075  SYSCFG_DL_I2C_MPU6050_init           
00001b1d  SYSCFG_DL_MOTOR_PWM_init             
000021b9  SYSCFG_DL_SYSCTL_init                
000025dd  SYSCFG_DL_init                       
00001e39  SYSCFG_DL_initPower                  
00001429  Set_PWM                              
00002eef  SysTick_Handler                      
00002289  TB6612_Init                          
00002eef  TIMA0_IRQHandler                     
00002eef  TIMA1_IRQHandler                     
00002eef  TIMG0_IRQHandler                     
00002eef  TIMG12_IRQHandler                    
00002eef  TIMG6_IRQHandler                     
00002eef  TIMG7_IRQHandler                     
00002eef  TIMG8_IRQHandler                     
00002e5b  TI_memcpy_small                      
00002eb1  TI_memset_small                      
00002eef  UART0_IRQHandler                     
00002eef  UART1_IRQHandler                     
00002eef  UART2_IRQHandler                     
00002eef  UART3_IRQHandler                     
000000c1  UI_Control                           
20208000  __STACK_END                          
00000200  __STACK_SIZE                         
00000000  __TI_ATRegion0_region_sz             
00000000  __TI_ATRegion0_src_addr              
00000000  __TI_ATRegion0_trg_addr              
00000000  __TI_ATRegion1_region_sz             
00000000  __TI_ATRegion1_src_addr              
00000000  __TI_ATRegion1_trg_addr              
00000000  __TI_ATRegion2_region_sz             
00000000  __TI_ATRegion2_src_addr              
00000000  __TI_ATRegion2_trg_addr              
00004a94  __TI_CINIT_Base                      
00004aa4  __TI_CINIT_Limit                     
00004aa4  __TI_CINIT_Warm                      
00004a78  __TI_Handler_Table_Base              
00004a84  __TI_Handler_Table_Limit             
000023b9  __TI_auto_init_nobinit_nopinit       
00001dbd  __TI_decompress_lzss                 
00002e6d  __TI_decompress_none                 
ffffffff  __TI_pprof_out_hndl                  
ffffffff  __TI_prof_data_size                  
ffffffff  __TI_prof_data_start                 
00000000  __TI_static_base__                   
00002ea1  __TI_zero_init                       
000015f3  __addsf3                             
0000246d  __aeabi_f2iz                         
000015f3  __aeabi_fadd                         
00001ea1  __aeabi_fcmpeq                       
00001edd  __aeabi_fcmpge                       
00001ef1  __aeabi_fcmpgt                       
00001ec9  __aeabi_fcmple                       
00001eb5  __aeabi_fcmplt                       
00001cbd  __aeabi_fdiv                         
00001bad  __aeabi_fmul                         
000015e9  __aeabi_fsub                         
00002ecd  __aeabi_memclr                       
00002ecd  __aeabi_memclr4                      
00002ecd  __aeabi_memclr8                      
00002ed9  __aeabi_memcpy                       
00002ed9  __aeabi_memcpy4                      
00002ed9  __aeabi_memcpy8                      
ffffffff  __binit__                            
000023f5  __cmpsf2                             
00001cbd  __divsf3                             
000023f5  __eqsf2                              
0000246d  __fixsfsi                            
0000237d  __gesf2                              
0000237d  __gtsf2                              
000023f5  __lesf2                              
000023f5  __ltsf2                              
UNDEFED   __mpu_init                           
00002431  __muldsi3                            
00001bad  __mulsf3                             
000023f5  __nesf2                              
20207e00  __stack                              
20200000  __start___llvm_prf_bits              
20200000  __start___llvm_prf_cnts              
20200000  __stop___llvm_prf_bits               
20200000  __stop___llvm_prf_cnts               
000015e9  __subsf3                             
00002935  _c_int00_noargs                      
UNDEFED   _system_post_cinit                   
00002efb  _system_pre_init                     
00002ee9  abort                                
000046c8  asc2_0806                            
00004254  asc2_1206                            
00003c64  asc2_1608                            
00002f08  asc2_2412                            
00001821  autoturn                             
ffffffff  binit                                
0000045d  config                               
00002ee1  config1                              
000019f3  config2                              
00001d3f  config3                              
00001f03  config4                              
00002073  config5                              
0000242f  config6                              
0000246b  config7                              
00002983  config8                              
000029cb  config9                              
00001fc1  config_trace_sensor                  
00002819  delay_ms                             
00002e21  delay_us                             
00000791  further                              
00002da7  further_task1                        
00002e7f  further_task2                        
00002ebf  further_task3                        
00002eff  further_task4                        
2020053c  gENCODER_QEIBackup                   
20200480  gMOTOR_PWMBackup                     
00001959  get_T                                
00002641  get_TL1                              
00002671  get_TL2                              
000026a1  get_TL3                              
000026d1  get_TL4                              
00002701  get_TR1                              
00002731  get_TR2                              
00002761  get_TR3                              
00002791  get_TR4                              
00001775  get_T_ALL                            
00001161  get_Terror                           
00000000  interruptVectors                     
202005dc  key1state                            
202005dd  key2state                            
000029a9  main                                 
00002201  stop                                 
00002985  task1                                
00002e35  task2                                
00002f01  task3                                
00002f03  task4                                
000019f5  trace                                
00000df9  trace_to_cross                       


GLOBAL SYMBOLS: SORTED BY Symbol Address 

address   name                                 
-------   ----                                 
00000000  __TI_ATRegion0_region_sz             
00000000  __TI_ATRegion0_src_addr              
00000000  __TI_ATRegion0_trg_addr              
00000000  __TI_ATRegion1_region_sz             
00000000  __TI_ATRegion1_src_addr              
00000000  __TI_ATRegion1_trg_addr              
00000000  __TI_ATRegion2_region_sz             
00000000  __TI_ATRegion2_src_addr              
00000000  __TI_ATRegion2_trg_addr              
00000000  __TI_static_base__                   
00000000  interruptVectors                     
000000c1  UI_Control                           
00000200  __STACK_SIZE                         
0000045d  config                               
00000791  further                              
00000a19  SYSCFG_DL_GPIO_init                  
00000c29  OLED_ShowChar                        
00000df9  trace_to_cross                       
00001061  OLED_Init                            
00001161  get_Terror                           
00001251  DL_SYSCTL_configSYSPLL               
0000133d  DL_Timer_initFourCCPWMMode           
00001429  Set_PWM                              
00001511  PID_Compute                          
000015e9  __aeabi_fsub                         
000015e9  __subsf3                             
000015f3  __addsf3                             
000015f3  __aeabi_fadd                         
000016c1  OLED_WR_Byte                         
00001775  get_T_ALL                            
00001821  autoturn                             
000018bf  OLED_ShowString                      
00001959  get_T                                
000019f3  config2                              
000019f5  trace                                
00001a8d  OLED_DrawPoint                       
00001b1d  SYSCFG_DL_MOTOR_PWM_init             
00001bad  __aeabi_fmul                         
00001bad  __mulsf3                             
00001cbd  __aeabi_fdiv                         
00001cbd  __divsf3                             
00001d3f  config3                              
00001d41  OLED_Refresh                         
00001dbd  __TI_decompress_lzss                 
00001e39  SYSCFG_DL_initPower                  
00001ea1  __aeabi_fcmpeq                       
00001eb5  __aeabi_fcmplt                       
00001ec9  __aeabi_fcmple                       
00001edd  __aeabi_fcmpge                       
00001ef1  __aeabi_fcmpgt                       
00001f03  config4                              
00001f05  OLED_Clear                           
00001f65  SYSCFG_DL_ENCODER_QEI_init           
00001fc1  config_trace_sensor                  
0000201b  PID_Init                             
00002073  config5                              
00002075  SYSCFG_DL_I2C_MPU6050_init           
00002121  DL_SYSCTL_switchMCLKfromSYSOSCtoHSCLK
0000216d  GROUP1_IRQHandler                    
000021b9  SYSCFG_DL_SYSCTL_init                
00002201  stop                                 
00002249  DL_Timer_setCaptureCompareOutCtl     
00002289  TB6612_Init                          
00002305  DL_Timer_setCaptureCompareCtl        
0000237d  __gesf2                              
0000237d  __gtsf2                              
000023b9  __TI_auto_init_nobinit_nopinit       
000023f5  __cmpsf2                             
000023f5  __eqsf2                              
000023f5  __lesf2                              
000023f5  __ltsf2                              
000023f5  __nesf2                              
0000242f  config6                              
00002431  __muldsi3                            
0000246b  config7                              
0000246d  __aeabi_f2iz                         
0000246d  __fixsfsi                            
000024d9  DL_I2C_setClockConfig                
0000250d  DL_Timer_setCaptCompUpdateMethod     
00002541  DL_Timer_setCaptureCompareAction     
00002575  DL_Timer_setCaptureCompareInput      
000025a9  DL_Timer_setClockConfig              
000025dd  SYSCFG_DL_init                       
00002641  get_TL1                              
00002671  get_TL2                              
000026a1  get_TL3                              
000026d1  get_TL4                              
00002701  get_TR1                              
00002731  get_TR2                              
00002761  get_TR3                              
00002791  get_TR4                              
000027c1  DL_Timer_setCaptureCompareValue      
00002819  delay_ms                             
00002935  _c_int00_noargs                      
00002983  config8                              
00002985  task1                                
000029a9  main                                 
000029cb  config9                              
00002d43  DL_Common_delayCycles                
00002da7  further_task1                        
00002e21  delay_us                             
00002e35  task2                                
00002e5b  TI_memcpy_small                      
00002e6d  __TI_decompress_none                 
00002e7f  further_task2                        
00002ea1  __TI_zero_init                       
00002eb1  TI_memset_small                      
00002ebf  further_task3                        
00002ecd  __aeabi_memclr                       
00002ecd  __aeabi_memclr4                      
00002ecd  __aeabi_memclr8                      
00002ed9  __aeabi_memcpy                       
00002ed9  __aeabi_memcpy4                      
00002ed9  __aeabi_memcpy8                      
00002ee1  config1                              
00002ee9  abort                                
00002eef  ADC0_IRQHandler                      
00002eef  ADC1_IRQHandler                      
00002eef  AES_IRQHandler                       
00002eef  CANFD0_IRQHandler                    
00002eef  DAC0_IRQHandler                      
00002eef  DMA_IRQHandler                       
00002eef  Default_Handler                      
00002eef  GROUP0_IRQHandler                    
00002eef  HardFault_Handler                    
00002eef  I2C0_IRQHandler                      
00002eef  I2C1_IRQHandler                      
00002eef  NMI_Handler                          
00002eef  PendSV_Handler                       
00002eef  RTC_IRQHandler                       
00002eef  SPI0_IRQHandler                      
00002eef  SPI1_IRQHandler                      
00002eef  SVC_Handler                          
00002eef  SysTick_Handler                      
00002eef  TIMA0_IRQHandler                     
00002eef  TIMA1_IRQHandler                     
00002eef  TIMG0_IRQHandler                     
00002eef  TIMG12_IRQHandler                    
00002eef  TIMG6_IRQHandler                     
00002eef  TIMG7_IRQHandler                     
00002eef  TIMG8_IRQHandler                     
00002eef  UART0_IRQHandler                     
00002eef  UART1_IRQHandler                     
00002eef  UART2_IRQHandler                     
00002eef  UART3_IRQHandler                     
00002ef2  C$$EXIT                              
00002ef3  HOSTexit                             
00002ef7  Reset_Handler                        
00002efb  _system_pre_init                     
00002eff  further_task4                        
00002f01  task3                                
00002f03  task4                                
00002f08  asc2_2412                            
00003c64  asc2_1608                            
00004254  asc2_1206                            
000046c8  asc2_0806                            
00004a78  __TI_Handler_Table_Base              
00004a84  __TI_Handler_Table_Limit             
00004a94  __TI_CINIT_Base                      
00004aa4  __TI_CINIT_Limit                     
00004aa4  __TI_CINIT_Warm                      
20200000  OLED_GRAM                            
20200000  __start___llvm_prf_bits              
20200000  __start___llvm_prf_cnts              
20200000  __stop___llvm_prf_bits               
20200000  __stop___llvm_prf_cnts               
20200480  gMOTOR_PWMBackup                     
2020053c  gENCODER_QEIBackup                   
202005dc  key1state                            
202005dd  key2state                            
20207e00  __stack                              
20208000  __STACK_END                          
ffffffff  __TI_pprof_out_hndl                  
ffffffff  __TI_prof_data_size                  
ffffffff  __TI_prof_data_start                 
ffffffff  __binit__                            
ffffffff  binit                                
UNDEFED   __mpu_init                           
UNDEFED   _system_post_cinit                   

[179 symbols]
