<?xml version="1.0" encoding="ISO-8859-1" ?>
<link_info>
   <banner>TI ARM Clang Linker PC v4.0.3.LTS</banner>
   <copyright>Copyright (c) 1996-2018 Texas Instruments Incorporated</copyright>
   <command_line>C:\ti\ccs2020\ccs\tools\compiler\ti-cgt-armllvm_4.0.3.LTS\bin\tiarmlnk -IC:\ti\ccs2020\ccs\tools\compiler\ti-cgt-armllvm_4.0.3.LTS\lib -o car_demo.out -mcar_demo.map -iD:/TI/mspm0_sdk_2_05_01_00/source -iC:/Users/Alan/workspace_ccstheia/car_demo -iC:/Users/Alan/workspace_ccstheia/car_demo/Debug/syscfg -iC:/ti/ccs2020/ccs/tools/compiler/ti-cgt-armllvm_4.0.3.LTS/lib --diag_wrap=off --display_error_number --warn_sections --xml_link_info=car_demo_linkInfo.xml --rom_model ./ti_msp_dl_config.o ./startup_mspm0g350x_ticlang.o ./delay.o ./main.o ./Hardware/Src/TB6612.o ./Hardware/Src/oled.o ./Hardware/Src/oledfont.o ./Mode/Src/Mode_UI.o ./Mode/Src/Mode_config.o ./Mode/Src/Mode_motion.o ./Mode/Src/Mode_path.o ./Mode/Src/Mode_pid.o ./Mode/Src/Mode_trace.o ./Mode/Src/Mode_turn.o ./Task/Src/basic_task.o ./Task/Src/config.o ./Task/Src/further_task.o ./ti/driverlib/dl_adc12.o ./ti/driverlib/dl_aes.o ./ti/driverlib/dl_aesadv.o ./ti/driverlib/dl_common.o ./ti/driverlib/dl_comp.o ./ti/driverlib/dl_crc.o ./ti/driverlib/dl_crcp.o ./ti/driverlib/dl_dac12.o ./ti/driverlib/dl_dma.o ./ti/driverlib/dl_flashctl.o ./ti/driverlib/dl_gpamp.o ./ti/driverlib/dl_gpio.o ./ti/driverlib/dl_i2c.o ./ti/driverlib/dl_iwdt.o ./ti/driverlib/dl_keystorectl.o ./ti/driverlib/dl_lcd.o ./ti/driverlib/dl_lfss.o ./ti/driverlib/dl_mathacl.o ./ti/driverlib/dl_mcan.o ./ti/driverlib/dl_opa.o ./ti/driverlib/dl_rtc.o ./ti/driverlib/dl_rtc_a.o ./ti/driverlib/dl_rtc_b.o ./ti/driverlib/dl_rtc_common.o ./ti/driverlib/dl_scratchpad.o ./ti/driverlib/dl_spi.o ./ti/driverlib/dl_tamperio.o ./ti/driverlib/dl_timer.o ./ti/driverlib/dl_timera.o ./ti/driverlib/dl_timerg.o ./ti/driverlib/dl_trng.o ./ti/driverlib/dl_uart.o ./ti/driverlib/dl_vref.o ./ti/driverlib/dl_wwdt.o ./ti/driverlib/m0p/dl_factoryregion.o ./ti/driverlib/m0p/dl_interrupt.o ./ti/driverlib/m0p/sysctl/dl_sysctl_mspm0c1105_c1106.o ./ti/driverlib/m0p/sysctl/dl_sysctl_mspm0c110x.o ./ti/driverlib/m0p/sysctl/dl_sysctl_mspm0g1x0x_g3x0x.o ./ti/driverlib/m0p/sysctl/dl_sysctl_mspm0gx51x.o ./ti/driverlib/m0p/sysctl/dl_sysctl_mspm0h321x.o ./ti/driverlib/m0p/sysctl/dl_sysctl_mspm0l111x.o ./ti/driverlib/m0p/sysctl/dl_sysctl_mspm0l11xx_l13xx.o ./ti/driverlib/m0p/sysctl/dl_sysctl_mspm0l122x_l222x.o -l./device_linker.cmd -ldevice.cmd.genlibs -llibc.a --start-group -llibc++.a -llibc++abi.a -llibc.a -llibsys.a -llibsysbm.a -llibclang_rt.builtins.a -llibclang_rt.profile.a --end-group --cg_opt_level=0</command_line>
   <link_time>0x688a9327</link_time>
   <link_errors>0x0</link_errors>
   <output_file>C:\Users\Alan\workspace_ccstheia\car_demo\Debug\car_demo.out</output_file>
   <entry_point>
      <name>_c_int00_noargs</name>
      <address>0x2865</address>
   </entry_point>
   <input_file_list>
      <input_file id="fl-1">
         <path>C:\Users\Alan\workspace_ccstheia\car_demo\Debug\.\</path>
         <kind>object</kind>
         <file>ti_msp_dl_config.o</file>
         <name>ti_msp_dl_config.o</name>
      </input_file>
      <input_file id="fl-2">
         <path>C:\Users\Alan\workspace_ccstheia\car_demo\Debug\.\</path>
         <kind>object</kind>
         <file>startup_mspm0g350x_ticlang.o</file>
         <name>startup_mspm0g350x_ticlang.o</name>
      </input_file>
      <input_file id="fl-3">
         <path>C:\Users\Alan\workspace_ccstheia\car_demo\Debug\.\</path>
         <kind>object</kind>
         <file>delay.o</file>
         <name>delay.o</name>
      </input_file>
      <input_file id="fl-4">
         <path>C:\Users\Alan\workspace_ccstheia\car_demo\Debug\.\</path>
         <kind>object</kind>
         <file>main.o</file>
         <name>main.o</name>
      </input_file>
      <input_file id="fl-5">
         <path>C:\Users\Alan\workspace_ccstheia\car_demo\Debug\.\Hardware\Src\</path>
         <kind>object</kind>
         <file>TB6612.o</file>
         <name>TB6612.o</name>
      </input_file>
      <input_file id="fl-6">
         <path>C:\Users\Alan\workspace_ccstheia\car_demo\Debug\.\Hardware\Src\</path>
         <kind>object</kind>
         <file>oled.o</file>
         <name>oled.o</name>
      </input_file>
      <input_file id="fl-7">
         <path>C:\Users\Alan\workspace_ccstheia\car_demo\Debug\.\Hardware\Src\</path>
         <kind>object</kind>
         <file>oledfont.o</file>
         <name>oledfont.o</name>
      </input_file>
      <input_file id="fl-8">
         <path>C:\Users\Alan\workspace_ccstheia\car_demo\Debug\.\Mode\Src\</path>
         <kind>object</kind>
         <file>Mode_UI.o</file>
         <name>Mode_UI.o</name>
      </input_file>
      <input_file id="fl-9">
         <path>C:\Users\Alan\workspace_ccstheia\car_demo\Debug\.\Mode\Src\</path>
         <kind>object</kind>
         <file>Mode_config.o</file>
         <name>Mode_config.o</name>
      </input_file>
      <input_file id="fl-a">
         <path>C:\Users\Alan\workspace_ccstheia\car_demo\Debug\.\Mode\Src\</path>
         <kind>object</kind>
         <file>Mode_motion.o</file>
         <name>Mode_motion.o</name>
      </input_file>
      <input_file id="fl-b">
         <path>C:\Users\Alan\workspace_ccstheia\car_demo\Debug\.\Mode\Src\</path>
         <kind>object</kind>
         <file>Mode_path.o</file>
         <name>Mode_path.o</name>
      </input_file>
      <input_file id="fl-c">
         <path>C:\Users\Alan\workspace_ccstheia\car_demo\Debug\.\Mode\Src\</path>
         <kind>object</kind>
         <file>Mode_pid.o</file>
         <name>Mode_pid.o</name>
      </input_file>
      <input_file id="fl-d">
         <path>C:\Users\Alan\workspace_ccstheia\car_demo\Debug\.\Mode\Src\</path>
         <kind>object</kind>
         <file>Mode_trace.o</file>
         <name>Mode_trace.o</name>
      </input_file>
      <input_file id="fl-e">
         <path>C:\Users\Alan\workspace_ccstheia\car_demo\Debug\.\Mode\Src\</path>
         <kind>object</kind>
         <file>Mode_turn.o</file>
         <name>Mode_turn.o</name>
      </input_file>
      <input_file id="fl-f">
         <path>C:\Users\Alan\workspace_ccstheia\car_demo\Debug\.\Task\Src\</path>
         <kind>object</kind>
         <file>basic_task.o</file>
         <name>basic_task.o</name>
      </input_file>
      <input_file id="fl-10">
         <path>C:\Users\Alan\workspace_ccstheia\car_demo\Debug\.\Task\Src\</path>
         <kind>object</kind>
         <file>config.o</file>
         <name>config.o</name>
      </input_file>
      <input_file id="fl-11">
         <path>C:\Users\Alan\workspace_ccstheia\car_demo\Debug\.\Task\Src\</path>
         <kind>object</kind>
         <file>further_task.o</file>
         <name>further_task.o</name>
      </input_file>
      <input_file id="fl-12">
         <path>C:\Users\Alan\workspace_ccstheia\car_demo\Debug\.\ti\driverlib\</path>
         <kind>object</kind>
         <file>dl_adc12.o</file>
         <name>dl_adc12.o</name>
      </input_file>
      <input_file id="fl-13">
         <path>C:\Users\Alan\workspace_ccstheia\car_demo\Debug\.\ti\driverlib\</path>
         <kind>object</kind>
         <file>dl_aes.o</file>
         <name>dl_aes.o</name>
      </input_file>
      <input_file id="fl-14">
         <path>C:\Users\Alan\workspace_ccstheia\car_demo\Debug\.\ti\driverlib\</path>
         <kind>object</kind>
         <file>dl_aesadv.o</file>
         <name>dl_aesadv.o</name>
      </input_file>
      <input_file id="fl-15">
         <path>C:\Users\Alan\workspace_ccstheia\car_demo\Debug\.\ti\driverlib\</path>
         <kind>object</kind>
         <file>dl_common.o</file>
         <name>dl_common.o</name>
      </input_file>
      <input_file id="fl-16">
         <path>C:\Users\Alan\workspace_ccstheia\car_demo\Debug\.\ti\driverlib\</path>
         <kind>object</kind>
         <file>dl_comp.o</file>
         <name>dl_comp.o</name>
      </input_file>
      <input_file id="fl-17">
         <path>C:\Users\Alan\workspace_ccstheia\car_demo\Debug\.\ti\driverlib\</path>
         <kind>object</kind>
         <file>dl_crc.o</file>
         <name>dl_crc.o</name>
      </input_file>
      <input_file id="fl-18">
         <path>C:\Users\Alan\workspace_ccstheia\car_demo\Debug\.\ti\driverlib\</path>
         <kind>object</kind>
         <file>dl_crcp.o</file>
         <name>dl_crcp.o</name>
      </input_file>
      <input_file id="fl-19">
         <path>C:\Users\Alan\workspace_ccstheia\car_demo\Debug\.\ti\driverlib\</path>
         <kind>object</kind>
         <file>dl_dac12.o</file>
         <name>dl_dac12.o</name>
      </input_file>
      <input_file id="fl-1a">
         <path>C:\Users\Alan\workspace_ccstheia\car_demo\Debug\.\ti\driverlib\</path>
         <kind>object</kind>
         <file>dl_dma.o</file>
         <name>dl_dma.o</name>
      </input_file>
      <input_file id="fl-1b">
         <path>C:\Users\Alan\workspace_ccstheia\car_demo\Debug\.\ti\driverlib\</path>
         <kind>object</kind>
         <file>dl_flashctl.o</file>
         <name>dl_flashctl.o</name>
      </input_file>
      <input_file id="fl-1c">
         <path>C:\Users\Alan\workspace_ccstheia\car_demo\Debug\.\ti\driverlib\</path>
         <kind>object</kind>
         <file>dl_gpamp.o</file>
         <name>dl_gpamp.o</name>
      </input_file>
      <input_file id="fl-1d">
         <path>C:\Users\Alan\workspace_ccstheia\car_demo\Debug\.\ti\driverlib\</path>
         <kind>object</kind>
         <file>dl_gpio.o</file>
         <name>dl_gpio.o</name>
      </input_file>
      <input_file id="fl-1e">
         <path>C:\Users\Alan\workspace_ccstheia\car_demo\Debug\.\ti\driverlib\</path>
         <kind>object</kind>
         <file>dl_i2c.o</file>
         <name>dl_i2c.o</name>
      </input_file>
      <input_file id="fl-1f">
         <path>C:\Users\Alan\workspace_ccstheia\car_demo\Debug\.\ti\driverlib\</path>
         <kind>object</kind>
         <file>dl_iwdt.o</file>
         <name>dl_iwdt.o</name>
      </input_file>
      <input_file id="fl-20">
         <path>C:\Users\Alan\workspace_ccstheia\car_demo\Debug\.\ti\driverlib\</path>
         <kind>object</kind>
         <file>dl_keystorectl.o</file>
         <name>dl_keystorectl.o</name>
      </input_file>
      <input_file id="fl-21">
         <path>C:\Users\Alan\workspace_ccstheia\car_demo\Debug\.\ti\driverlib\</path>
         <kind>object</kind>
         <file>dl_lcd.o</file>
         <name>dl_lcd.o</name>
      </input_file>
      <input_file id="fl-22">
         <path>C:\Users\Alan\workspace_ccstheia\car_demo\Debug\.\ti\driverlib\</path>
         <kind>object</kind>
         <file>dl_lfss.o</file>
         <name>dl_lfss.o</name>
      </input_file>
      <input_file id="fl-23">
         <path>C:\Users\Alan\workspace_ccstheia\car_demo\Debug\.\ti\driverlib\</path>
         <kind>object</kind>
         <file>dl_mathacl.o</file>
         <name>dl_mathacl.o</name>
      </input_file>
      <input_file id="fl-24">
         <path>C:\Users\Alan\workspace_ccstheia\car_demo\Debug\.\ti\driverlib\</path>
         <kind>object</kind>
         <file>dl_mcan.o</file>
         <name>dl_mcan.o</name>
      </input_file>
      <input_file id="fl-25">
         <path>C:\Users\Alan\workspace_ccstheia\car_demo\Debug\.\ti\driverlib\</path>
         <kind>object</kind>
         <file>dl_opa.o</file>
         <name>dl_opa.o</name>
      </input_file>
      <input_file id="fl-26">
         <path>C:\Users\Alan\workspace_ccstheia\car_demo\Debug\.\ti\driverlib\</path>
         <kind>object</kind>
         <file>dl_rtc.o</file>
         <name>dl_rtc.o</name>
      </input_file>
      <input_file id="fl-27">
         <path>C:\Users\Alan\workspace_ccstheia\car_demo\Debug\.\ti\driverlib\</path>
         <kind>object</kind>
         <file>dl_rtc_a.o</file>
         <name>dl_rtc_a.o</name>
      </input_file>
      <input_file id="fl-28">
         <path>C:\Users\Alan\workspace_ccstheia\car_demo\Debug\.\ti\driverlib\</path>
         <kind>object</kind>
         <file>dl_rtc_b.o</file>
         <name>dl_rtc_b.o</name>
      </input_file>
      <input_file id="fl-29">
         <path>C:\Users\Alan\workspace_ccstheia\car_demo\Debug\.\ti\driverlib\</path>
         <kind>object</kind>
         <file>dl_rtc_common.o</file>
         <name>dl_rtc_common.o</name>
      </input_file>
      <input_file id="fl-2a">
         <path>C:\Users\Alan\workspace_ccstheia\car_demo\Debug\.\ti\driverlib\</path>
         <kind>object</kind>
         <file>dl_scratchpad.o</file>
         <name>dl_scratchpad.o</name>
      </input_file>
      <input_file id="fl-2b">
         <path>C:\Users\Alan\workspace_ccstheia\car_demo\Debug\.\ti\driverlib\</path>
         <kind>object</kind>
         <file>dl_spi.o</file>
         <name>dl_spi.o</name>
      </input_file>
      <input_file id="fl-2c">
         <path>C:\Users\Alan\workspace_ccstheia\car_demo\Debug\.\ti\driverlib\</path>
         <kind>object</kind>
         <file>dl_tamperio.o</file>
         <name>dl_tamperio.o</name>
      </input_file>
      <input_file id="fl-2d">
         <path>C:\Users\Alan\workspace_ccstheia\car_demo\Debug\.\ti\driverlib\</path>
         <kind>object</kind>
         <file>dl_timer.o</file>
         <name>dl_timer.o</name>
      </input_file>
      <input_file id="fl-2e">
         <path>C:\Users\Alan\workspace_ccstheia\car_demo\Debug\.\ti\driverlib\</path>
         <kind>object</kind>
         <file>dl_timera.o</file>
         <name>dl_timera.o</name>
      </input_file>
      <input_file id="fl-2f">
         <path>C:\Users\Alan\workspace_ccstheia\car_demo\Debug\.\ti\driverlib\</path>
         <kind>object</kind>
         <file>dl_timerg.o</file>
         <name>dl_timerg.o</name>
      </input_file>
      <input_file id="fl-30">
         <path>C:\Users\Alan\workspace_ccstheia\car_demo\Debug\.\ti\driverlib\</path>
         <kind>object</kind>
         <file>dl_trng.o</file>
         <name>dl_trng.o</name>
      </input_file>
      <input_file id="fl-31">
         <path>C:\Users\Alan\workspace_ccstheia\car_demo\Debug\.\ti\driverlib\</path>
         <kind>object</kind>
         <file>dl_uart.o</file>
         <name>dl_uart.o</name>
      </input_file>
      <input_file id="fl-32">
         <path>C:\Users\Alan\workspace_ccstheia\car_demo\Debug\.\ti\driverlib\</path>
         <kind>object</kind>
         <file>dl_vref.o</file>
         <name>dl_vref.o</name>
      </input_file>
      <input_file id="fl-33">
         <path>C:\Users\Alan\workspace_ccstheia\car_demo\Debug\.\ti\driverlib\</path>
         <kind>object</kind>
         <file>dl_wwdt.o</file>
         <name>dl_wwdt.o</name>
      </input_file>
      <input_file id="fl-34">
         <path>C:\Users\Alan\workspace_ccstheia\car_demo\Debug\.\ti\driverlib\m0p\</path>
         <kind>object</kind>
         <file>dl_factoryregion.o</file>
         <name>dl_factoryregion.o</name>
      </input_file>
      <input_file id="fl-35">
         <path>C:\Users\Alan\workspace_ccstheia\car_demo\Debug\.\ti\driverlib\m0p\</path>
         <kind>object</kind>
         <file>dl_interrupt.o</file>
         <name>dl_interrupt.o</name>
      </input_file>
      <input_file id="fl-36">
         <path>C:\Users\Alan\workspace_ccstheia\car_demo\Debug\.\ti\driverlib\m0p\sysctl\</path>
         <kind>object</kind>
         <file>dl_sysctl_mspm0c1105_c1106.o</file>
         <name>dl_sysctl_mspm0c1105_c1106.o</name>
      </input_file>
      <input_file id="fl-37">
         <path>C:\Users\Alan\workspace_ccstheia\car_demo\Debug\.\ti\driverlib\m0p\sysctl\</path>
         <kind>object</kind>
         <file>dl_sysctl_mspm0c110x.o</file>
         <name>dl_sysctl_mspm0c110x.o</name>
      </input_file>
      <input_file id="fl-38">
         <path>C:\Users\Alan\workspace_ccstheia\car_demo\Debug\.\ti\driverlib\m0p\sysctl\</path>
         <kind>object</kind>
         <file>dl_sysctl_mspm0g1x0x_g3x0x.o</file>
         <name>dl_sysctl_mspm0g1x0x_g3x0x.o</name>
      </input_file>
      <input_file id="fl-39">
         <path>C:\Users\Alan\workspace_ccstheia\car_demo\Debug\.\ti\driverlib\m0p\sysctl\</path>
         <kind>object</kind>
         <file>dl_sysctl_mspm0gx51x.o</file>
         <name>dl_sysctl_mspm0gx51x.o</name>
      </input_file>
      <input_file id="fl-3a">
         <path>C:\Users\Alan\workspace_ccstheia\car_demo\Debug\.\ti\driverlib\m0p\sysctl\</path>
         <kind>object</kind>
         <file>dl_sysctl_mspm0h321x.o</file>
         <name>dl_sysctl_mspm0h321x.o</name>
      </input_file>
      <input_file id="fl-3b">
         <path>C:\Users\Alan\workspace_ccstheia\car_demo\Debug\.\ti\driverlib\m0p\sysctl\</path>
         <kind>object</kind>
         <file>dl_sysctl_mspm0l111x.o</file>
         <name>dl_sysctl_mspm0l111x.o</name>
      </input_file>
      <input_file id="fl-3c">
         <path>C:\Users\Alan\workspace_ccstheia\car_demo\Debug\.\ti\driverlib\m0p\sysctl\</path>
         <kind>object</kind>
         <file>dl_sysctl_mspm0l11xx_l13xx.o</file>
         <name>dl_sysctl_mspm0l11xx_l13xx.o</name>
      </input_file>
      <input_file id="fl-3d">
         <path>C:\Users\Alan\workspace_ccstheia\car_demo\Debug\.\ti\driverlib\m0p\sysctl\</path>
         <kind>object</kind>
         <file>dl_sysctl_mspm0l122x_l222x.o</file>
         <name>dl_sysctl_mspm0l122x_l222x.o</name>
      </input_file>
      <input_file id="fl-49">
         <path>C:\Users\Alan\workspace_ccstheia\car_demo\Debug\</path>
         <kind>object</kind>
         <file>&lt;internal&gt;</file>
         <name>&lt;internal&gt;</name>
      </input_file>
      <input_file id="fl-60">
         <path>C:\ti\ccs2020\ccs\tools\compiler\ti-cgt-armllvm_4.0.3.LTS\lib\armv6m-ti-none-eabi\c\</path>
         <kind>archive</kind>
         <file>libc.a</file>
         <name>boot_cortex_m.c.obj</name>
      </input_file>
      <input_file id="fl-61">
         <path>C:\ti\ccs2020\ccs\tools\compiler\ti-cgt-armllvm_4.0.3.LTS\lib\armv6m-ti-none-eabi\c\</path>
         <kind>archive</kind>
         <file>libc.a</file>
         <name>mathacl_init.c.obj</name>
      </input_file>
      <input_file id="fl-62">
         <path>C:\ti\ccs2020\ccs\tools\compiler\ti-cgt-armllvm_4.0.3.LTS\lib\armv6m-ti-none-eabi\c\</path>
         <kind>archive</kind>
         <file>libc.a</file>
         <name>autoinit.c.obj</name>
      </input_file>
      <input_file id="fl-63">
         <path>C:\ti\ccs2020\ccs\tools\compiler\ti-cgt-armllvm_4.0.3.LTS\lib\armv6m-ti-none-eabi\c\</path>
         <kind>archive</kind>
         <file>libc.a</file>
         <name>pre_init.c.obj</name>
      </input_file>
      <input_file id="fl-64">
         <path>C:\ti\ccs2020\ccs\tools\compiler\ti-cgt-armllvm_4.0.3.LTS\lib\armv6m-ti-none-eabi\c\</path>
         <kind>archive</kind>
         <file>libc.a</file>
         <name>cpy_tbl.c.obj</name>
      </input_file>
      <input_file id="fl-65">
         <path>C:\ti\ccs2020\ccs\tools\compiler\ti-cgt-armllvm_4.0.3.LTS\lib\armv6m-ti-none-eabi\c\</path>
         <kind>archive</kind>
         <file>libc.a</file>
         <name>copy_zero_init.c.obj</name>
      </input_file>
      <input_file id="fl-66">
         <path>C:\ti\ccs2020\ccs\tools\compiler\ti-cgt-armllvm_4.0.3.LTS\lib\armv6m-ti-none-eabi\c\</path>
         <kind>archive</kind>
         <file>libc.a</file>
         <name>copy_decompress_none.c.obj</name>
      </input_file>
      <input_file id="fl-67">
         <path>C:\ti\ccs2020\ccs\tools\compiler\ti-cgt-armllvm_4.0.3.LTS\lib\armv6m-ti-none-eabi\c\</path>
         <kind>archive</kind>
         <file>libc.a</file>
         <name>copy_decompress_lzss.c.obj</name>
      </input_file>
      <input_file id="fl-68">
         <path>C:\ti\ccs2020\ccs\tools\compiler\ti-cgt-armllvm_4.0.3.LTS\lib\armv6m-ti-none-eabi\c\</path>
         <kind>archive</kind>
         <file>libc.a</file>
         <name>exit.c.obj</name>
      </input_file>
      <input_file id="fl-69">
         <path>C:\ti\ccs2020\ccs\tools\compiler\ti-cgt-armllvm_4.0.3.LTS\lib\armv6m-ti-none-eabi\c\</path>
         <kind>archive</kind>
         <file>libc.a</file>
         <name>_lock.c.obj</name>
      </input_file>
      <input_file id="fl-6a">
         <path>C:\ti\ccs2020\ccs\tools\compiler\ti-cgt-armllvm_4.0.3.LTS\lib\armv6m-ti-none-eabi\c\</path>
         <kind>archive</kind>
         <file>libc.a</file>
         <name>args_main.c.obj</name>
      </input_file>
      <input_file id="fl-10a">
         <path>C:\ti\ccs2020\ccs\tools\compiler\ti-cgt-armllvm_4.0.3.LTS\lib\armv6m-ti-none-eabi\c\</path>
         <kind>archive</kind>
         <file>libsysbm.a</file>
         <name>hostexit.c.obj</name>
      </input_file>
      <input_file id="fl-10b">
         <path>C:\ti\ccs2020\ccs\tools\compiler\ti-cgt-armllvm_4.0.3.LTS\lib\armv6m-ti-none-eabi\</path>
         <kind>archive</kind>
         <file>libclang_rt.builtins.a</file>
         <name>addsf3.S.obj</name>
      </input_file>
      <input_file id="fl-10c">
         <path>C:\ti\ccs2020\ccs\tools\compiler\ti-cgt-armllvm_4.0.3.LTS\lib\armv6m-ti-none-eabi\</path>
         <kind>archive</kind>
         <file>libclang_rt.builtins.a</file>
         <name>adddf3.S.obj</name>
      </input_file>
      <input_file id="fl-10d">
         <path>C:\ti\ccs2020\ccs\tools\compiler\ti-cgt-armllvm_4.0.3.LTS\lib\armv6m-ti-none-eabi\</path>
         <kind>archive</kind>
         <file>libclang_rt.builtins.a</file>
         <name>muldf3.S.obj</name>
      </input_file>
      <input_file id="fl-10e">
         <path>C:\ti\ccs2020\ccs\tools\compiler\ti-cgt-armllvm_4.0.3.LTS\lib\armv6m-ti-none-eabi\</path>
         <kind>archive</kind>
         <file>libclang_rt.builtins.a</file>
         <name>muldsi3.S.obj</name>
      </input_file>
      <input_file id="fl-10f">
         <path>C:\ti\ccs2020\ccs\tools\compiler\ti-cgt-armllvm_4.0.3.LTS\lib\armv6m-ti-none-eabi\</path>
         <kind>archive</kind>
         <file>libclang_rt.builtins.a</file>
         <name>mulsf3.S.obj</name>
      </input_file>
      <input_file id="fl-110">
         <path>C:\ti\ccs2020\ccs\tools\compiler\ti-cgt-armllvm_4.0.3.LTS\lib\armv6m-ti-none-eabi\</path>
         <kind>archive</kind>
         <file>libclang_rt.builtins.a</file>
         <name>divsf3.S.obj</name>
      </input_file>
      <input_file id="fl-111">
         <path>C:\ti\ccs2020\ccs\tools\compiler\ti-cgt-armllvm_4.0.3.LTS\lib\armv6m-ti-none-eabi\</path>
         <kind>archive</kind>
         <file>libclang_rt.builtins.a</file>
         <name>extendsfdf2.S.obj</name>
      </input_file>
      <input_file id="fl-112">
         <path>C:\ti\ccs2020\ccs\tools\compiler\ti-cgt-armllvm_4.0.3.LTS\lib\armv6m-ti-none-eabi\</path>
         <kind>archive</kind>
         <file>libclang_rt.builtins.a</file>
         <name>fixsfsi.S.obj</name>
      </input_file>
      <input_file id="fl-113">
         <path>C:\ti\ccs2020\ccs\tools\compiler\ti-cgt-armllvm_4.0.3.LTS\lib\armv6m-ti-none-eabi\</path>
         <kind>archive</kind>
         <file>libclang_rt.builtins.a</file>
         <name>truncdfsf2.S.obj</name>
      </input_file>
      <input_file id="fl-114">
         <path>C:\ti\ccs2020\ccs\tools\compiler\ti-cgt-armllvm_4.0.3.LTS\lib\armv6m-ti-none-eabi\</path>
         <kind>archive</kind>
         <file>libclang_rt.builtins.a</file>
         <name>aeabi_fcmp.S.obj</name>
      </input_file>
      <input_file id="fl-115">
         <path>C:\ti\ccs2020\ccs\tools\compiler\ti-cgt-armllvm_4.0.3.LTS\lib\armv6m-ti-none-eabi\</path>
         <kind>archive</kind>
         <file>libclang_rt.builtins.a</file>
         <name>aeabi_memcpy.S.obj</name>
      </input_file>
      <input_file id="fl-116">
         <path>C:\ti\ccs2020\ccs\tools\compiler\ti-cgt-armllvm_4.0.3.LTS\lib\armv6m-ti-none-eabi\</path>
         <kind>archive</kind>
         <file>libclang_rt.builtins.a</file>
         <name>aeabi_memset.S.obj</name>
      </input_file>
      <input_file id="fl-117">
         <path>C:\ti\ccs2020\ccs\tools\compiler\ti-cgt-armllvm_4.0.3.LTS\lib\armv6m-ti-none-eabi\</path>
         <kind>archive</kind>
         <file>libclang_rt.builtins.a</file>
         <name>aeabi_uidivmod.S.obj</name>
      </input_file>
      <input_file id="fl-118">
         <path>C:\ti\ccs2020\ccs\tools\compiler\ti-cgt-armllvm_4.0.3.LTS\lib\armv6m-ti-none-eabi\</path>
         <kind>archive</kind>
         <file>libclang_rt.builtins.a</file>
         <name>comparesf2.S.obj</name>
      </input_file>
      <input_file id="fl-119">
         <path>C:\ti\ccs2020\ccs\tools\compiler\ti-cgt-armllvm_4.0.3.LTS\lib\armv6m-ti-none-eabi\</path>
         <kind>archive</kind>
         <file>libclang_rt.builtins.a</file>
         <name>aeabi_div0.c.obj</name>
      </input_file>
      <input_file id="fl-11a">
         <path>C:\ti\ccs2020\ccs\tools\compiler\ti-cgt-armllvm_4.0.3.LTS\lib\armv6m-ti-none-eabi\c\</path>
         <kind>archive</kind>
         <file>libc.a</file>
         <name>memcpy16.S.obj</name>
      </input_file>
      <input_file id="fl-11b">
         <path>C:\ti\ccs2020\ccs\tools\compiler\ti-cgt-armllvm_4.0.3.LTS\lib\armv6m-ti-none-eabi\c\</path>
         <kind>archive</kind>
         <file>libc.a</file>
         <name>memset16.S.obj</name>
      </input_file>
   </input_file_list>
   <object_component_list>
      <object_component id="oc-18">
         <name>.intvecs</name>
         <load_address>0x0</load_address>
         <readonly>true</readonly>
         <run_address>0x0</run_address>
         <size>0xc0</size>
         <alignment>0x4</alignment>
         <input_file_ref idref="fl-2"/>
      </object_component>
      <object_component id="oc-93">
         <name>.text.UI_Control</name>
         <load_address>0xc0</load_address>
         <readonly>true</readonly>
         <executable>true</executable>
         <run_address>0xc0</run_address>
         <size>0x39c</size>
         <alignment>0x4</alignment>
         <input_file_ref idref="fl-8"/>
      </object_component>
      <object_component id="oc-d9">
         <name>.text.config</name>
         <load_address>0x45c</load_address>
         <readonly>true</readonly>
         <executable>true</executable>
         <run_address>0x45c</run_address>
         <size>0x334</size>
         <alignment>0x4</alignment>
         <input_file_ref idref="fl-8"/>
      </object_component>
      <object_component id="oc-d8">
         <name>.text.further</name>
         <load_address>0x790</load_address>
         <readonly>true</readonly>
         <executable>true</executable>
         <run_address>0x790</run_address>
         <size>0x288</size>
         <alignment>0x4</alignment>
         <input_file_ref idref="fl-8"/>
      </object_component>
      <object_component id="oc-b9">
         <name>.text.SYSCFG_DL_GPIO_init</name>
         <load_address>0xa18</load_address>
         <readonly>true</readonly>
         <executable>true</executable>
         <run_address>0xa18</run_address>
         <size>0x210</size>
         <alignment>0x4</alignment>
         <input_file_ref idref="fl-1"/>
      </object_component>
      <object_component id="oc-14c">
         <name>.text.OLED_ShowChar</name>
         <load_address>0xc28</load_address>
         <readonly>true</readonly>
         <executable>true</executable>
         <run_address>0xc28</run_address>
         <size>0x1d0</size>
         <alignment>0x4</alignment>
         <input_file_ref idref="fl-6"/>
      </object_component>
      <object_component id="oc-171">
         <name>.text.trace_to_cross</name>
         <load_address>0xdf8</load_address>
         <readonly>true</readonly>
         <executable>true</executable>
         <run_address>0xdf8</run_address>
         <size>0x158</size>
         <alignment>0x4</alignment>
         <input_file_ref idref="fl-d"/>
      </object_component>
      <object_component id="oc-19a">
         <name>.text.DL_Timer_initTwoCCPWMMode</name>
         <load_address>0xf50</load_address>
         <readonly>true</readonly>
         <executable>true</executable>
         <run_address>0xf50</run_address>
         <size>0x110</size>
         <alignment>0x4</alignment>
         <input_file_ref idref="fl-2d"/>
      </object_component>
      <object_component id="oc-89">
         <name>.text.OLED_Init</name>
         <load_address>0x1060</load_address>
         <readonly>true</readonly>
         <executable>true</executable>
         <run_address>0x1060</run_address>
         <size>0x100</size>
         <alignment>0x4</alignment>
         <input_file_ref idref="fl-6"/>
      </object_component>
      <object_component id="oc-1b5">
         <name>.text.get_Terror</name>
         <load_address>0x1160</load_address>
         <readonly>true</readonly>
         <executable>true</executable>
         <run_address>0x1160</run_address>
         <size>0xf0</size>
         <alignment>0x4</alignment>
         <input_file_ref idref="fl-b"/>
      </object_component>
      <object_component id="oc-122">
         <name>.text.DL_SYSCTL_configSYSPLL</name>
         <load_address>0x1250</load_address>
         <readonly>true</readonly>
         <executable>true</executable>
         <run_address>0x1250</run_address>
         <size>0xec</size>
         <alignment>0x4</alignment>
         <input_file_ref idref="fl-38"/>
      </object_component>
      <object_component id="oc-12c">
         <name>.text.DL_Timer_initFourCCPWMMode</name>
         <load_address>0x133c</load_address>
         <readonly>true</readonly>
         <executable>true</executable>
         <run_address>0x133c</run_address>
         <size>0xec</size>
         <alignment>0x4</alignment>
         <input_file_ref idref="fl-2d"/>
      </object_component>
      <object_component id="oc-1bb">
         <name>.text.Set_PWM</name>
         <load_address>0x1428</load_address>
         <readonly>true</readonly>
         <executable>true</executable>
         <run_address>0x1428</run_address>
         <size>0xe8</size>
         <alignment>0x4</alignment>
         <input_file_ref idref="fl-5"/>
      </object_component>
      <object_component id="oc-1b6">
         <name>.text.PID_Compute</name>
         <load_address>0x1510</load_address>
         <readonly>true</readonly>
         <executable>true</executable>
         <run_address>0x1510</run_address>
         <size>0xd8</size>
         <alignment>0x2</alignment>
         <input_file_ref idref="fl-c"/>
      </object_component>
      <object_component id="oc-1b7">
         <name>.text</name>
         <load_address>0x15e8</load_address>
         <readonly>true</readonly>
         <executable>true</executable>
         <run_address>0x15e8</run_address>
         <size>0xd8</size>
         <alignment>0x4</alignment>
         <input_file_ref idref="fl-10b"/>
      </object_component>
      <object_component id="oc-c9">
         <name>.text.OLED_WR_Byte</name>
         <load_address>0x16c0</load_address>
         <readonly>true</readonly>
         <executable>true</executable>
         <run_address>0x16c0</run_address>
         <size>0xb4</size>
         <alignment>0x4</alignment>
         <input_file_ref idref="fl-6"/>
      </object_component>
      <object_component id="oc-1b4">
         <name>.text.get_T_ALL</name>
         <load_address>0x1774</load_address>
         <readonly>true</readonly>
         <executable>true</executable>
         <run_address>0x1774</run_address>
         <size>0xac</size>
         <alignment>0x2</alignment>
         <input_file_ref idref="fl-b"/>
      </object_component>
      <object_component id="oc-176">
         <name>.text.autoturn</name>
         <load_address>0x1820</load_address>
         <readonly>true</readonly>
         <executable>true</executable>
         <run_address>0x1820</run_address>
         <size>0x9e</size>
         <alignment>0x2</alignment>
         <input_file_ref idref="fl-e"/>
      </object_component>
      <object_component id="oc-d6">
         <name>.text.OLED_ShowString</name>
         <load_address>0x18be</load_address>
         <readonly>true</readonly>
         <executable>true</executable>
         <run_address>0x18be</run_address>
         <size>0x9a</size>
         <alignment>0x2</alignment>
         <input_file_ref idref="fl-6"/>
      </object_component>
      <object_component id="oc-1af">
         <name>.text.get_T</name>
         <load_address>0x1958</load_address>
         <readonly>true</readonly>
         <executable>true</executable>
         <run_address>0x1958</run_address>
         <size>0x9a</size>
         <alignment>0x4</alignment>
         <input_file_ref idref="fl-b"/>
      </object_component>
      <object_component id="oc-15f">
         <name>.text.config2</name>
         <load_address>0x19f2</load_address>
         <readonly>true</readonly>
         <executable>true</executable>
         <run_address>0x19f2</run_address>
         <size>0x2</size>
         <alignment>0x2</alignment>
         <input_file_ref idref="fl-10"/>
      </object_component>
      <object_component id="oc-19f">
         <name>.text.OLED_DrawPoint</name>
         <load_address>0x19f4</load_address>
         <readonly>true</readonly>
         <executable>true</executable>
         <run_address>0x19f4</run_address>
         <size>0x90</size>
         <alignment>0x4</alignment>
         <input_file_ref idref="fl-6"/>
      </object_component>
      <object_component id="oc-bb">
         <name>.text.SYSCFG_DL_MOTOR_PWM_init</name>
         <load_address>0x1a84</load_address>
         <readonly>true</readonly>
         <executable>true</executable>
         <run_address>0x1a84</run_address>
         <size>0x90</size>
         <alignment>0x4</alignment>
         <input_file_ref idref="fl-1"/>
      </object_component>
      <object_component id="oc-1d7">
         <name>.text.__mulsf3</name>
         <load_address>0x1b14</load_address>
         <readonly>true</readonly>
         <executable>true</executable>
         <run_address>0x1b14</run_address>
         <size>0x8c</size>
         <alignment>0x4</alignment>
         <input_file_ref idref="fl-10f"/>
      </object_component>
      <object_component id="oc-129">
         <name>.text.__NVIC_SetPriority</name>
         <load_address>0x1ba0</load_address>
         <readonly>true</readonly>
         <executable>true</executable>
         <run_address>0x1ba0</run_address>
         <size>0x84</size>
         <alignment>0x4</alignment>
         <input_file_ref idref="fl-1"/>
      </object_component>
      <object_component id="oc-1dc">
         <name>.text.__divsf3</name>
         <load_address>0x1c24</load_address>
         <readonly>true</readonly>
         <executable>true</executable>
         <run_address>0x1c24</run_address>
         <size>0x82</size>
         <alignment>0x4</alignment>
         <input_file_ref idref="fl-110"/>
      </object_component>
      <object_component id="oc-160">
         <name>.text.config3</name>
         <load_address>0x1ca6</load_address>
         <readonly>true</readonly>
         <executable>true</executable>
         <run_address>0x1ca6</run_address>
         <size>0x2</size>
         <alignment>0x2</alignment>
         <input_file_ref idref="fl-10"/>
      </object_component>
      <object_component id="oc-d7">
         <name>.text.OLED_Refresh</name>
         <load_address>0x1ca8</load_address>
         <readonly>true</readonly>
         <executable>true</executable>
         <run_address>0x1ca8</run_address>
         <size>0x7c</size>
         <alignment>0x4</alignment>
         <input_file_ref idref="fl-6"/>
      </object_component>
      <object_component id="oc-1c">
         <name>.text:decompress:lzss</name>
         <load_address>0x1d24</load_address>
         <readonly>true</readonly>
         <executable>true</executable>
         <run_address>0x1d24</run_address>
         <size>0x7c</size>
         <alignment>0x4</alignment>
         <input_file_ref idref="fl-67"/>
      </object_component>
      <object_component id="oc-b8">
         <name>.text.SYSCFG_DL_initPower</name>
         <load_address>0x1da0</load_address>
         <readonly>true</readonly>
         <executable>true</executable>
         <run_address>0x1da0</run_address>
         <size>0x68</size>
         <alignment>0x4</alignment>
         <input_file_ref idref="fl-1"/>
      </object_component>
      <object_component id="oc-1be">
         <name>.text.__aeabi_fcmp</name>
         <load_address>0x1e08</load_address>
         <readonly>true</readonly>
         <executable>true</executable>
         <run_address>0x1e08</run_address>
         <size>0x62</size>
         <alignment>0x4</alignment>
         <input_file_ref idref="fl-114"/>
      </object_component>
      <object_component id="oc-161">
         <name>.text.config4</name>
         <load_address>0x1e6a</load_address>
         <readonly>true</readonly>
         <executable>true</executable>
         <run_address>0x1e6a</run_address>
         <size>0x2</size>
         <alignment>0x2</alignment>
         <input_file_ref idref="fl-10"/>
      </object_component>
      <object_component id="oc-ca">
         <name>.text.OLED_Clear</name>
         <load_address>0x1e6c</load_address>
         <readonly>true</readonly>
         <executable>true</executable>
         <run_address>0x1e6c</run_address>
         <size>0x60</size>
         <alignment>0x4</alignment>
         <input_file_ref idref="fl-6"/>
      </object_component>
      <object_component id="oc-bc">
         <name>.text.SYSCFG_DL_ENCODER_QEI_init</name>
         <load_address>0x1ecc</load_address>
         <readonly>true</readonly>
         <executable>true</executable>
         <run_address>0x1ecc</run_address>
         <size>0x5c</size>
         <alignment>0x4</alignment>
         <input_file_ref idref="fl-1"/>
      </object_component>
      <object_component id="oc-1a7">
         <name>.text.config_trace_sensor</name>
         <load_address>0x1f28</load_address>
         <readonly>true</readonly>
         <executable>true</executable>
         <run_address>0x1f28</run_address>
         <size>0x5a</size>
         <alignment>0x2</alignment>
         <input_file_ref idref="fl-9"/>
      </object_component>
      <object_component id="oc-1aa">
         <name>.text.PID_Init</name>
         <load_address>0x1f82</load_address>
         <readonly>true</readonly>
         <executable>true</executable>
         <run_address>0x1f82</run_address>
         <size>0x58</size>
         <alignment>0x2</alignment>
         <input_file_ref idref="fl-c"/>
      </object_component>
      <object_component id="oc-162">
         <name>.text.config5</name>
         <load_address>0x1fda</load_address>
         <readonly>true</readonly>
         <executable>true</executable>
         <run_address>0x1fda</run_address>
         <size>0x2</size>
         <alignment>0x2</alignment>
         <input_file_ref idref="fl-10"/>
      </object_component>
      <object_component id="oc-bd">
         <name>.text.SYSCFG_DL_I2C_MPU6050_init</name>
         <load_address>0x1fdc</load_address>
         <readonly>true</readonly>
         <executable>true</executable>
         <run_address>0x1fdc</run_address>
         <size>0x58</size>
         <alignment>0x4</alignment>
         <input_file_ref idref="fl-1"/>
      </object_component>
      <object_component id="oc-134">
         <name>.text.DL_Timer_configQEI</name>
         <load_address>0x2034</load_address>
         <readonly>true</readonly>
         <executable>true</executable>
         <run_address>0x2034</run_address>
         <size>0x54</size>
         <alignment>0x4</alignment>
         <input_file_ref idref="fl-1"/>
      </object_component>
      <object_component id="oc-128">
         <name>.text.DL_SYSCTL_switchMCLKfromSYSOSCtoHSCLK</name>
         <load_address>0x2088</load_address>
         <readonly>true</readonly>
         <executable>true</executable>
         <run_address>0x2088</run_address>
         <size>0x4c</size>
         <alignment>0x4</alignment>
         <input_file_ref idref="fl-38"/>
      </object_component>
      <object_component id="oc-34">
         <name>.text.GROUP1_IRQHandler</name>
         <load_address>0x20d4</load_address>
         <readonly>true</readonly>
         <executable>true</executable>
         <run_address>0x20d4</run_address>
         <size>0x4c</size>
         <alignment>0x4</alignment>
         <input_file_ref idref="fl-4"/>
      </object_component>
      <object_component id="oc-ba">
         <name>.text.SYSCFG_DL_SYSCTL_init</name>
         <load_address>0x2120</load_address>
         <readonly>true</readonly>
         <executable>true</executable>
         <run_address>0x2120</run_address>
         <size>0x48</size>
         <alignment>0x4</alignment>
         <input_file_ref idref="fl-1"/>
      </object_component>
      <object_component id="oc-12e">
         <name>.text.DL_Timer_setCaptureCompareOutCtl</name>
         <load_address>0x2168</load_address>
         <readonly>true</readonly>
         <executable>true</executable>
         <run_address>0x2168</run_address>
         <size>0x40</size>
         <alignment>0x4</alignment>
         <input_file_ref idref="fl-2d"/>
      </object_component>
      <object_component id="oc-8e">
         <name>.text.TB6612_Init</name>
         <load_address>0x21a8</load_address>
         <readonly>true</readonly>
         <executable>true</executable>
         <run_address>0x21a8</run_address>
         <size>0x40</size>
         <alignment>0x4</alignment>
         <input_file_ref idref="fl-5"/>
      </object_component>
      <object_component id="oc-17c">
         <name>.text.config_moter_Pin</name>
         <load_address>0x21e8</load_address>
         <readonly>true</readonly>
         <executable>true</executable>
         <run_address>0x21e8</run_address>
         <size>0x40</size>
         <alignment>0x4</alignment>
         <input_file_ref idref="fl-9"/>
      </object_component>
      <object_component id="oc-113">
         <name>.text.DL_GPIO_initPeripheralInputFunctionFeatures</name>
         <load_address>0x2228</load_address>
         <readonly>true</readonly>
         <executable>true</executable>
         <run_address>0x2228</run_address>
         <size>0x3c</size>
         <alignment>0x4</alignment>
         <input_file_ref idref="fl-1"/>
      </object_component>
      <object_component id="oc-198">
         <name>.text.DL_Timer_setCaptureCompareCtl</name>
         <load_address>0x2264</load_address>
         <readonly>true</readonly>
         <executable>true</executable>
         <run_address>0x2264</run_address>
         <size>0x3c</size>
         <alignment>0x4</alignment>
         <input_file_ref idref="fl-2d"/>
      </object_component>
      <object_component id="oc-12d">
         <name>.text.DL_Timer_setCounterControl</name>
         <load_address>0x22a0</load_address>
         <readonly>true</readonly>
         <executable>true</executable>
         <run_address>0x22a0</run_address>
         <size>0x3c</size>
         <alignment>0x4</alignment>
         <input_file_ref idref="fl-1"/>
      </object_component>
      <object_component id="oc-1eb">
         <name>.text.__gtsf2</name>
         <load_address>0x22dc</load_address>
         <readonly>true</readonly>
         <executable>true</executable>
         <run_address>0x22dc</run_address>
         <size>0x3c</size>
         <alignment>0x4</alignment>
         <input_file_ref idref="fl-118"/>
      </object_component>
      <object_component id="oc-9f">
         <name>.text:__TI_auto_init_nobinit_nopinit</name>
         <load_address>0x2318</load_address>
         <readonly>true</readonly>
         <executable>true</executable>
         <run_address>0x2318</run_address>
         <size>0x3c</size>
         <alignment>0x4</alignment>
         <input_file_ref idref="fl-62"/>
      </object_component>
      <object_component id="oc-1e6">
         <name>.text.__eqsf2</name>
         <load_address>0x2354</load_address>
         <readonly>true</readonly>
         <executable>true</executable>
         <run_address>0x2354</run_address>
         <size>0x3a</size>
         <alignment>0x4</alignment>
         <input_file_ref idref="fl-118"/>
      </object_component>
      <object_component id="oc-163">
         <name>.text.config6</name>
         <load_address>0x238e</load_address>
         <readonly>true</readonly>
         <executable>true</executable>
         <run_address>0x238e</run_address>
         <size>0x2</size>
         <alignment>0x2</alignment>
         <input_file_ref idref="fl-10"/>
      </object_component>
      <object_component id="oc-1ee">
         <name>.text.__muldsi3</name>
         <load_address>0x2390</load_address>
         <readonly>true</readonly>
         <executable>true</executable>
         <run_address>0x2390</run_address>
         <size>0x3a</size>
         <alignment>0x4</alignment>
         <input_file_ref idref="fl-10e"/>
      </object_component>
      <object_component id="oc-164">
         <name>.text.config7</name>
         <load_address>0x23ca</load_address>
         <readonly>true</readonly>
         <executable>true</executable>
         <run_address>0x23ca</run_address>
         <size>0x2</size>
         <alignment>0x2</alignment>
         <input_file_ref idref="fl-10"/>
      </object_component>
      <object_component id="oc-1e0">
         <name>.text.__fixsfsi</name>
         <load_address>0x23cc</load_address>
         <readonly>true</readonly>
         <executable>true</executable>
         <run_address>0x23cc</run_address>
         <size>0x38</size>
         <alignment>0x4</alignment>
         <input_file_ref idref="fl-112"/>
      </object_component>
      <object_component id="oc-115">
         <name>.text.DL_GPIO_initDigitalInputFeatures</name>
         <load_address>0x2404</load_address>
         <readonly>true</readonly>
         <executable>true</executable>
         <run_address>0x2404</run_address>
         <size>0x34</size>
         <alignment>0x4</alignment>
         <input_file_ref idref="fl-1"/>
      </object_component>
      <object_component id="oc-138">
         <name>.text.DL_I2C_setClockConfig</name>
         <load_address>0x2438</load_address>
         <readonly>true</readonly>
         <executable>true</executable>
         <run_address>0x2438</run_address>
         <size>0x34</size>
         <alignment>0x4</alignment>
         <input_file_ref idref="fl-1e"/>
      </object_component>
      <object_component id="oc-12f">
         <name>.text.DL_Timer_setCaptCompUpdateMethod</name>
         <load_address>0x246c</load_address>
         <readonly>true</readonly>
         <executable>true</executable>
         <run_address>0x246c</run_address>
         <size>0x34</size>
         <alignment>0x4</alignment>
         <input_file_ref idref="fl-2d"/>
      </object_component>
      <object_component id="oc-197">
         <name>.text.DL_Timer_setCaptureCompareAction</name>
         <load_address>0x24a0</load_address>
         <readonly>true</readonly>
         <executable>true</executable>
         <run_address>0x24a0</run_address>
         <size>0x34</size>
         <alignment>0x4</alignment>
         <input_file_ref idref="fl-2d"/>
      </object_component>
      <object_component id="oc-199">
         <name>.text.DL_Timer_setCaptureCompareInput</name>
         <load_address>0x24d4</load_address>
         <readonly>true</readonly>
         <executable>true</executable>
         <run_address>0x24d4</run_address>
         <size>0x34</size>
         <alignment>0x2</alignment>
         <input_file_ref idref="fl-2d"/>
      </object_component>
      <object_component id="oc-12b">
         <name>.text.DL_Timer_setClockConfig</name>
         <load_address>0x2508</load_address>
         <readonly>true</readonly>
         <executable>true</executable>
         <run_address>0x2508</run_address>
         <size>0x34</size>
         <alignment>0x4</alignment>
         <input_file_ref idref="fl-2d"/>
      </object_component>
      <object_component id="oc-83">
         <name>.text.SYSCFG_DL_init</name>
         <load_address>0x253c</load_address>
         <readonly>true</readonly>
         <executable>true</executable>
         <run_address>0x253c</run_address>
         <size>0x34</size>
         <alignment>0x4</alignment>
         <input_file_ref idref="fl-1"/>
      </object_component>
      <object_component id="oc-1d0">
         <name>.text.get_TL1</name>
         <load_address>0x2570</load_address>
         <readonly>true</readonly>
         <executable>true</executable>
         <run_address>0x2570</run_address>
         <size>0x30</size>
         <alignment>0x4</alignment>
         <input_file_ref idref="fl-b"/>
      </object_component>
      <object_component id="oc-1cf">
         <name>.text.get_TL2</name>
         <load_address>0x25a0</load_address>
         <readonly>true</readonly>
         <executable>true</executable>
         <run_address>0x25a0</run_address>
         <size>0x30</size>
         <alignment>0x4</alignment>
         <input_file_ref idref="fl-b"/>
      </object_component>
      <object_component id="oc-1ce">
         <name>.text.get_TL3</name>
         <load_address>0x25d0</load_address>
         <readonly>true</readonly>
         <executable>true</executable>
         <run_address>0x25d0</run_address>
         <size>0x30</size>
         <alignment>0x4</alignment>
         <input_file_ref idref="fl-b"/>
      </object_component>
      <object_component id="oc-1cd">
         <name>.text.get_TL4</name>
         <load_address>0x2600</load_address>
         <readonly>true</readonly>
         <executable>true</executable>
         <run_address>0x2600</run_address>
         <size>0x30</size>
         <alignment>0x4</alignment>
         <input_file_ref idref="fl-b"/>
      </object_component>
      <object_component id="oc-1d1">
         <name>.text.get_TR1</name>
         <load_address>0x2630</load_address>
         <readonly>true</readonly>
         <executable>true</executable>
         <run_address>0x2630</run_address>
         <size>0x30</size>
         <alignment>0x4</alignment>
         <input_file_ref idref="fl-b"/>
      </object_component>
      <object_component id="oc-1d2">
         <name>.text.get_TR2</name>
         <load_address>0x2660</load_address>
         <readonly>true</readonly>
         <executable>true</executable>
         <run_address>0x2660</run_address>
         <size>0x30</size>
         <alignment>0x4</alignment>
         <input_file_ref idref="fl-b"/>
      </object_component>
      <object_component id="oc-1d3">
         <name>.text.get_TR3</name>
         <load_address>0x2690</load_address>
         <readonly>true</readonly>
         <executable>true</executable>
         <run_address>0x2690</run_address>
         <size>0x30</size>
         <alignment>0x4</alignment>
         <input_file_ref idref="fl-b"/>
      </object_component>
      <object_component id="oc-1d4">
         <name>.text.get_TR4</name>
         <load_address>0x26c0</load_address>
         <readonly>true</readonly>
         <executable>true</executable>
         <run_address>0x26c0</run_address>
         <size>0x30</size>
         <alignment>0x4</alignment>
         <input_file_ref idref="fl-b"/>
      </object_component>
      <object_component id="oc-cf">
         <name>.text.DL_Timer_setCaptureCompareValue</name>
         <load_address>0x26f0</load_address>
         <readonly>true</readonly>
         <executable>true</executable>
         <run_address>0x26f0</run_address>
         <size>0x2c</size>
         <alignment>0x4</alignment>
         <input_file_ref idref="fl-2d"/>
      </object_component>
      <object_component id="oc-88">
         <name>.text.__NVIC_EnableIRQ</name>
         <load_address>0x271c</load_address>
         <readonly>true</readonly>
         <executable>true</executable>
         <run_address>0x271c</run_address>
         <size>0x2c</size>
         <alignment>0x4</alignment>
         <input_file_ref idref="fl-4"/>
      </object_component>
      <object_component id="oc-c3">
         <name>.text.delay_ms</name>
         <load_address>0x2748</load_address>
         <readonly>true</readonly>
         <executable>true</executable>
         <run_address>0x2748</run_address>
         <size>0x2c</size>
         <alignment>0x2</alignment>
         <input_file_ref idref="fl-3"/>
      </object_component>
      <object_component id="oc-19c">
         <name>.text.DL_Common_updateReg</name>
         <load_address>0x2774</load_address>
         <readonly>true</readonly>
         <executable>true</executable>
         <run_address>0x2774</run_address>
         <size>0x28</size>
         <alignment>0x2</alignment>
         <input_file_ref idref="fl-1e"/>
      </object_component>
      <object_component id="oc-191">
         <name>.text.DL_Common_updateReg</name>
         <load_address>0x279c</load_address>
         <readonly>true</readonly>
         <executable>true</executable>
         <run_address>0x279c</run_address>
         <size>0x28</size>
         <alignment>0x2</alignment>
         <input_file_ref idref="fl-38"/>
      </object_component>
      <object_component id="oc-19b">
         <name>.text.DL_Common_updateReg</name>
         <load_address>0x27c4</load_address>
         <readonly>true</readonly>
         <executable>true</executable>
         <run_address>0x27c4</run_address>
         <size>0x28</size>
         <alignment>0x2</alignment>
         <input_file_ref idref="fl-2d"/>
      </object_component>
      <object_component id="oc-18e">
         <name>.text.DL_Common_updateReg</name>
         <load_address>0x27ec</load_address>
         <readonly>true</readonly>
         <executable>true</executable>
         <run_address>0x27ec</run_address>
         <size>0x28</size>
         <alignment>0x2</alignment>
         <input_file_ref idref="fl-1"/>
      </object_component>
      <object_component id="oc-142">
         <name>.text.DL_I2C_setControllerRXFIFOThreshold</name>
         <load_address>0x2814</load_address>
         <readonly>true</readonly>
         <executable>true</executable>
         <run_address>0x2814</run_address>
         <size>0x28</size>
         <alignment>0x4</alignment>
         <input_file_ref idref="fl-1"/>
      </object_component>
      <object_component id="oc-141">
         <name>.text.DL_I2C_setControllerTXFIFOThreshold</name>
         <load_address>0x283c</load_address>
         <readonly>true</readonly>
         <executable>true</executable>
         <run_address>0x283c</run_address>
         <size>0x28</size>
         <alignment>0x4</alignment>
         <input_file_ref idref="fl-1"/>
      </object_component>
      <object_component id="oc-54">
         <name>.text:_c_int00_noargs</name>
         <load_address>0x2864</load_address>
         <readonly>true</readonly>
         <executable>true</executable>
         <run_address>0x2864</run_address>
         <size>0x28</size>
         <alignment>0x4</alignment>
         <input_file_ref idref="fl-60"/>
      </object_component>
      <object_component id="oc-13d">
         <name>.text.DL_I2C_setAnalogGlitchFilterPulseWidth</name>
         <load_address>0x288c</load_address>
         <readonly>true</readonly>
         <executable>true</executable>
         <run_address>0x288c</run_address>
         <size>0x26</size>
         <alignment>0x2</alignment>
         <input_file_ref idref="fl-1"/>
      </object_component>
      <object_component id="oc-6e">
         <name>.text.main</name>
         <load_address>0x28b2</load_address>
         <readonly>true</readonly>
         <executable>true</executable>
         <run_address>0x28b2</run_address>
         <size>0x22</size>
         <alignment>0x2</alignment>
         <input_file_ref idref="fl-4"/>
      </object_component>
      <object_component id="oc-193">
         <name>.text.DL_CORE_configInstruction</name>
         <load_address>0x28d4</load_address>
         <readonly>true</readonly>
         <executable>true</executable>
         <run_address>0x28d4</run_address>
         <size>0x20</size>
         <alignment>0x4</alignment>
         <input_file_ref idref="fl-38"/>
      </object_component>
      <object_component id="oc-112">
         <name>.text.DL_GPIO_initPeripheralInputFunction</name>
         <load_address>0x28f4</load_address>
         <readonly>true</readonly>
         <executable>true</executable>
         <run_address>0x28f4</run_address>
         <size>0x20</size>
         <alignment>0x4</alignment>
         <input_file_ref idref="fl-1"/>
      </object_component>
      <object_component id="oc-11e">
         <name>.text.DL_SYSCTL_setFlashWaitState</name>
         <load_address>0x2914</load_address>
         <readonly>true</readonly>
         <executable>true</executable>
         <run_address>0x2914</run_address>
         <size>0x20</size>
         <alignment>0x4</alignment>
         <input_file_ref idref="fl-1"/>
      </object_component>
      <object_component id="oc-1c7">
         <name>.text.DL_Timer_setCounterValueAfterEnable</name>
         <load_address>0x2934</load_address>
         <readonly>true</readonly>
         <executable>true</executable>
         <run_address>0x2934</run_address>
         <size>0x20</size>
         <alignment>0x4</alignment>
         <input_file_ref idref="fl-2d"/>
      </object_component>
      <object_component id="oc-da">
         <name>.text.task1</name>
         <load_address>0x2954</load_address>
         <readonly>true</readonly>
         <executable>true</executable>
         <run_address>0x2954</run_address>
         <size>0x20</size>
         <alignment>0x4</alignment>
         <input_file_ref idref="fl-f"/>
      </object_component>
      <object_component id="oc-11b">
         <name>.text.DL_GPIO_clearInterruptStatus</name>
         <load_address>0x2974</load_address>
         <readonly>true</readonly>
         <executable>true</executable>
         <run_address>0x2974</run_address>
         <size>0x1c</size>
         <alignment>0x4</alignment>
         <input_file_ref idref="fl-1"/>
      </object_component>
      <object_component id="oc-114">
         <name>.text.DL_GPIO_enableHiZ</name>
         <load_address>0x2990</load_address>
         <readonly>true</readonly>
         <executable>true</executable>
         <run_address>0x2990</run_address>
         <size>0x1c</size>
         <alignment>0x4</alignment>
         <input_file_ref idref="fl-1"/>
      </object_component>
      <object_component id="oc-11c">
         <name>.text.DL_GPIO_enableInterrupt</name>
         <load_address>0x29ac</load_address>
         <readonly>true</readonly>
         <executable>true</executable>
         <run_address>0x29ac</run_address>
         <size>0x1c</size>
         <alignment>0x4</alignment>
         <input_file_ref idref="fl-1"/>
      </object_component>
      <object_component id="oc-110">
         <name>.text.DL_GPIO_initPeripheralOutputFunction</name>
         <load_address>0x29c8</load_address>
         <readonly>true</readonly>
         <executable>true</executable>
         <run_address>0x29c8</run_address>
         <size>0x1c</size>
         <alignment>0x4</alignment>
         <input_file_ref idref="fl-1"/>
      </object_component>
      <object_component id="oc-11a">
         <name>.text.DL_GPIO_setLowerPinsInputFilter</name>
         <load_address>0x29e4</load_address>
         <readonly>true</readonly>
         <executable>true</executable>
         <run_address>0x29e4</run_address>
         <size>0x1c</size>
         <alignment>0x4</alignment>
         <input_file_ref idref="fl-1"/>
      </object_component>
      <object_component id="oc-118">
         <name>.text.DL_GPIO_setLowerPinsPolarity</name>
         <load_address>0x2a00</load_address>
         <readonly>true</readonly>
         <executable>true</executable>
         <run_address>0x2a00</run_address>
         <size>0x1c</size>
         <alignment>0x4</alignment>
         <input_file_ref idref="fl-1"/>
      </object_component>
      <object_component id="oc-5b">
         <name>.text.DL_Interrupt_getPendingGroup</name>
         <load_address>0x2a1c</load_address>
         <readonly>true</readonly>
         <executable>true</executable>
         <run_address>0x2a1c</run_address>
         <size>0x1c</size>
         <alignment>0x4</alignment>
         <input_file_ref idref="fl-4"/>
      </object_component>
      <object_component id="oc-11f">
         <name>.text.DL_SYSCTL_setSYSOSCFreq</name>
         <load_address>0x2a38</load_address>
         <readonly>true</readonly>
         <executable>true</executable>
         <run_address>0x2a38</run_address>
         <size>0x1c</size>
         <alignment>0x4</alignment>
         <input_file_ref idref="fl-1"/>
      </object_component>
      <object_component id="oc-127">
         <name>.text.DL_SYSCTL_setULPCLKDivider</name>
         <load_address>0x2a54</load_address>
         <readonly>true</readonly>
         <executable>true</executable>
         <run_address>0x2a54</run_address>
         <size>0x1c</size>
         <alignment>0x4</alignment>
         <input_file_ref idref="fl-1"/>
      </object_component>
      <object_component id="oc-136">
         <name>.text.DL_Timer_enableInterrupt</name>
         <load_address>0x2a70</load_address>
         <readonly>true</readonly>
         <executable>true</executable>
         <run_address>0x2a70</run_address>
         <size>0x1c</size>
         <alignment>0x4</alignment>
         <input_file_ref idref="fl-1"/>
      </object_component>
      <object_component id="oc-111">
         <name>.text.DL_GPIO_enableOutput</name>
         <load_address>0x2a8c</load_address>
         <readonly>true</readonly>
         <executable>true</executable>
         <run_address>0x2a8c</run_address>
         <size>0x18</size>
         <alignment>0x4</alignment>
         <input_file_ref idref="fl-1"/>
      </object_component>
      <object_component id="oc-109">
         <name>.text.DL_GPIO_enablePower</name>
         <load_address>0x2aa4</load_address>
         <readonly>true</readonly>
         <executable>true</executable>
         <run_address>0x2aa4</run_address>
         <size>0x18</size>
         <alignment>0x4</alignment>
         <input_file_ref idref="fl-1"/>
      </object_component>
      <object_component id="oc-116">
         <name>.text.DL_GPIO_initDigitalOutput</name>
         <load_address>0x2abc</load_address>
         <readonly>true</readonly>
         <executable>true</executable>
         <run_address>0x2abc</run_address>
         <size>0x18</size>
         <alignment>0x4</alignment>
         <input_file_ref idref="fl-1"/>
      </object_component>
      <object_component id="oc-106">
         <name>.text.DL_GPIO_reset</name>
         <load_address>0x2ad4</load_address>
         <readonly>true</readonly>
         <executable>true</executable>
         <run_address>0x2ad4</run_address>
         <size>0x18</size>
         <alignment>0x4</alignment>
         <input_file_ref idref="fl-1"/>
      </object_component>
      <object_component id="oc-c8">
         <name>.text.DL_GPIO_setPins</name>
         <load_address>0x2aec</load_address>
         <readonly>true</readonly>
         <executable>true</executable>
         <run_address>0x2aec</run_address>
         <size>0x18</size>
         <alignment>0x4</alignment>
         <input_file_ref idref="fl-6"/>
      </object_component>
      <object_component id="oc-119">
         <name>.text.DL_GPIO_setUpperPinsPolarity</name>
         <load_address>0x2b04</load_address>
         <readonly>true</readonly>
         <executable>true</executable>
         <run_address>0x2b04</run_address>
         <size>0x18</size>
         <alignment>0x2</alignment>
         <input_file_ref idref="fl-1"/>
      </object_component>
      <object_component id="oc-13e">
         <name>.text.DL_I2C_enableAnalogGlitchFilter</name>
         <load_address>0x2b1c</load_address>
         <readonly>true</readonly>
         <executable>true</executable>
         <run_address>0x2b1c</run_address>
         <size>0x18</size>
         <alignment>0x2</alignment>
         <input_file_ref idref="fl-1"/>
      </object_component>
      <object_component id="oc-144">
         <name>.text.DL_I2C_enableController</name>
         <load_address>0x2b34</load_address>
         <readonly>true</readonly>
         <executable>true</executable>
         <run_address>0x2b34</run_address>
         <size>0x18</size>
         <alignment>0x4</alignment>
         <input_file_ref idref="fl-1"/>
      </object_component>
      <object_component id="oc-143">
         <name>.text.DL_I2C_enableControllerClockStretching</name>
         <load_address>0x2b4c</load_address>
         <readonly>true</readonly>
         <executable>true</executable>
         <run_address>0x2b4c</run_address>
         <size>0x18</size>
         <alignment>0x4</alignment>
         <input_file_ref idref="fl-1"/>
      </object_component>
      <object_component id="oc-10b">
         <name>.text.DL_I2C_enablePower</name>
         <load_address>0x2b64</load_address>
         <readonly>true</readonly>
         <executable>true</executable>
         <run_address>0x2b64</run_address>
         <size>0x18</size>
         <alignment>0x4</alignment>
         <input_file_ref idref="fl-1"/>
      </object_component>
      <object_component id="oc-108">
         <name>.text.DL_I2C_reset</name>
         <load_address>0x2b7c</load_address>
         <readonly>true</readonly>
         <executable>true</executable>
         <run_address>0x2b7c</run_address>
         <size>0x18</size>
         <alignment>0x4</alignment>
         <input_file_ref idref="fl-1"/>
      </object_component>
      <object_component id="oc-140">
         <name>.text.DL_I2C_setTimerPeriod</name>
         <load_address>0x2b94</load_address>
         <readonly>true</readonly>
         <executable>true</executable>
         <run_address>0x2b94</run_address>
         <size>0x18</size>
         <alignment>0x4</alignment>
         <input_file_ref idref="fl-1"/>
      </object_component>
      <object_component id="oc-11d">
         <name>.text.DL_SYSCTL_setBORThreshold</name>
         <load_address>0x2bac</load_address>
         <readonly>true</readonly>
         <executable>true</executable>
         <run_address>0x2bac</run_address>
         <size>0x18</size>
         <alignment>0x4</alignment>
         <input_file_ref idref="fl-1"/>
      </object_component>
      <object_component id="oc-196">
         <name>.text.DL_SYSCTL_setHSCLKSource</name>
         <load_address>0x2bc4</load_address>
         <readonly>true</readonly>
         <executable>true</executable>
         <run_address>0x2bc4</run_address>
         <size>0x18</size>
         <alignment>0x4</alignment>
         <input_file_ref idref="fl-38"/>
      </object_component>
      <object_component id="oc-10a">
         <name>.text.DL_Timer_enablePower</name>
         <load_address>0x2bdc</load_address>
         <readonly>true</readonly>
         <executable>true</executable>
         <run_address>0x2bdc</run_address>
         <size>0x18</size>
         <alignment>0x4</alignment>
         <input_file_ref idref="fl-1"/>
      </object_component>
      <object_component id="oc-107">
         <name>.text.DL_Timer_reset</name>
         <load_address>0x2bf4</load_address>
         <readonly>true</readonly>
         <executable>true</executable>
         <run_address>0x2bf4</run_address>
         <size>0x18</size>
         <alignment>0x4</alignment>
         <input_file_ref idref="fl-1"/>
      </object_component>
      <object_component id="oc-1c6">
         <name>.text.DL_Timer_setLoadValue</name>
         <load_address>0x2c0c</load_address>
         <readonly>true</readonly>
         <executable>true</executable>
         <run_address>0x2c0c</run_address>
         <size>0x18</size>
         <alignment>0x4</alignment>
         <input_file_ref idref="fl-2d"/>
      </object_component>
      <object_component id="oc-135">
         <name>.text.DL_Timer_setLoadValue</name>
         <load_address>0x2c24</load_address>
         <readonly>true</readonly>
         <executable>true</executable>
         <run_address>0x2c24</run_address>
         <size>0x18</size>
         <alignment>0x4</alignment>
         <input_file_ref idref="fl-1"/>
      </object_component>
      <object_component id="oc-cd">
         <name>.text.DL_Timer_startCounter</name>
         <load_address>0x2c3c</load_address>
         <readonly>true</readonly>
         <executable>true</executable>
         <run_address>0x2c3c</run_address>
         <size>0x18</size>
         <alignment>0x4</alignment>
         <input_file_ref idref="fl-5"/>
      </object_component>
      <object_component id="oc-1ed">
         <name>.text.DL_GPIO_readPins</name>
         <load_address>0x2c54</load_address>
         <readonly>true</readonly>
         <executable>true</executable>
         <run_address>0x2c54</run_address>
         <size>0x16</size>
         <alignment>0x2</alignment>
         <input_file_ref idref="fl-b"/>
      </object_component>
      <object_component id="oc-10c">
         <name>.text.DL_Common_delayCycles</name>
         <load_address>0x2c6a</load_address>
         <readonly>true</readonly>
         <executable>true</executable>
         <run_address>0x2c6a</run_address>
         <size>0x14</size>
         <alignment>0x2</alignment>
         <input_file_ref idref="fl-15"/>
      </object_component>
      <object_component id="oc-1e4">
         <name>.text.DL_GPIO_clearPins</name>
         <load_address>0x2c7e</load_address>
         <readonly>true</readonly>
         <executable>true</executable>
         <run_address>0x2c7e</run_address>
         <size>0x14</size>
         <alignment>0x2</alignment>
         <input_file_ref idref="fl-5"/>
      </object_component>
      <object_component id="oc-c2">
         <name>.text.DL_GPIO_clearPins</name>
         <load_address>0x2c92</load_address>
         <readonly>true</readonly>
         <executable>true</executable>
         <run_address>0x2c92</run_address>
         <size>0x14</size>
         <alignment>0x2</alignment>
         <input_file_ref idref="fl-6"/>
      </object_component>
      <object_component id="oc-117">
         <name>.text.DL_GPIO_clearPins</name>
         <load_address>0x2ca6</load_address>
         <readonly>true</readonly>
         <executable>true</executable>
         <run_address>0x2ca6</run_address>
         <size>0x14</size>
         <alignment>0x2</alignment>
         <input_file_ref idref="fl-1"/>
      </object_component>
      <object_component id="oc-1e5">
         <name>.text.DL_GPIO_writePins</name>
         <load_address>0x2cba</load_address>
         <readonly>true</readonly>
         <executable>true</executable>
         <run_address>0x2cba</run_address>
         <size>0x14</size>
         <alignment>0x2</alignment>
         <input_file_ref idref="fl-5"/>
      </object_component>
      <object_component id="oc-165">
         <name>.text.config8</name>
         <load_address>0x2cce</load_address>
         <readonly>true</readonly>
         <executable>true</executable>
         <run_address>0x2cce</run_address>
         <size>0x2</size>
         <alignment>0x2</alignment>
         <input_file_ref idref="fl-10"/>
      </object_component>
      <object_component id="oc-13f">
         <name>.text.DL_I2C_resetControllerTransfer</name>
         <load_address>0x2cd0</load_address>
         <readonly>true</readonly>
         <executable>true</executable>
         <run_address>0x2cd0</run_address>
         <size>0x14</size>
         <alignment>0x4</alignment>
         <input_file_ref idref="fl-1"/>
      </object_component>
      <object_component id="oc-18f">
         <name>.text.DL_SYSCTL_disableSYSPLL</name>
         <load_address>0x2ce4</load_address>
         <readonly>true</readonly>
         <executable>true</executable>
         <run_address>0x2ce4</run_address>
         <size>0x14</size>
         <alignment>0x4</alignment>
         <input_file_ref idref="fl-38"/>
      </object_component>
      <object_component id="oc-121">
         <name>.text.DL_SYSCTL_disableSYSPLL</name>
         <load_address>0x2cf8</load_address>
         <readonly>true</readonly>
         <executable>true</executable>
         <run_address>0x2cf8</run_address>
         <size>0x14</size>
         <alignment>0x4</alignment>
         <input_file_ref idref="fl-1"/>
      </object_component>
      <object_component id="oc-130">
         <name>.text.DL_Timer_enableClock</name>
         <load_address>0x2d0c</load_address>
         <readonly>true</readonly>
         <executable>true</executable>
         <run_address>0x2d0c</run_address>
         <size>0x14</size>
         <alignment>0x4</alignment>
         <input_file_ref idref="fl-1"/>
      </object_component>
      <object_component id="oc-131">
         <name>.text.DL_Timer_setCCPDirection</name>
         <load_address>0x2d20</load_address>
         <readonly>true</readonly>
         <executable>true</executable>
         <run_address>0x2d20</run_address>
         <size>0x14</size>
         <alignment>0x2</alignment>
         <input_file_ref idref="fl-1"/>
      </object_component>
      <object_component id="oc-ce">
         <name>.text.DL_Timer_setTimerCount</name>
         <load_address>0x2d34</load_address>
         <readonly>true</readonly>
         <executable>true</executable>
         <run_address>0x2d34</run_address>
         <size>0x14</size>
         <alignment>0x2</alignment>
         <input_file_ref idref="fl-5"/>
      </object_component>
      <object_component id="oc-146">
         <name>.text.delay_us</name>
         <load_address>0x2d48</load_address>
         <readonly>true</readonly>
         <executable>true</executable>
         <run_address>0x2d48</run_address>
         <size>0x14</size>
         <alignment>0x2</alignment>
         <input_file_ref idref="fl-3"/>
      </object_component>
      <object_component id="oc-5c">
         <name>.text.DL_GPIO_getPendingInterrupt</name>
         <load_address>0x2d5c</load_address>
         <readonly>true</readonly>
         <executable>true</executable>
         <run_address>0x2d5c</run_address>
         <size>0x12</size>
         <alignment>0x2</alignment>
         <input_file_ref idref="fl-4"/>
      </object_component>
      <object_component id="oc-79">
         <name>.text:TI_memcpy_small</name>
         <load_address>0x2d6e</load_address>
         <readonly>true</readonly>
         <executable>true</executable>
         <run_address>0x2d6e</run_address>
         <size>0x12</size>
         <alignment>0x1</alignment>
         <input_file_ref idref="fl-11a"/>
      </object_component>
      <object_component id="oc-20">
         <name>.text:decompress:none</name>
         <load_address>0x2d80</load_address>
         <readonly>true</readonly>
         <executable>true</executable>
         <run_address>0x2d80</run_address>
         <size>0x12</size>
         <alignment>0x2</alignment>
         <input_file_ref idref="fl-66"/>
      </object_component>
      <object_component id="oc-166">
         <name>.text.config9</name>
         <load_address>0x2d92</load_address>
         <readonly>true</readonly>
         <executable>true</executable>
         <run_address>0x2d92</run_address>
         <size>0x2</size>
         <alignment>0x2</alignment>
         <input_file_ref idref="fl-10"/>
      </object_component>
      <object_component id="oc-192">
         <name>.text.DL_CORE_getInstructionConfig</name>
         <load_address>0x2d94</load_address>
         <readonly>true</readonly>
         <executable>true</executable>
         <run_address>0x2d94</run_address>
         <size>0x10</size>
         <alignment>0x4</alignment>
         <input_file_ref idref="fl-38"/>
      </object_component>
      <object_component id="oc-120">
         <name>.text.DL_SYSCTL_disableHFXT</name>
         <load_address>0x2da4</load_address>
         <readonly>true</readonly>
         <executable>true</executable>
         <run_address>0x2da4</run_address>
         <size>0x10</size>
         <alignment>0x4</alignment>
         <input_file_ref idref="fl-1"/>
      </object_component>
      <object_component id="oc-51">
         <name>.text:decompress:ZI</name>
         <load_address>0x2db4</load_address>
         <readonly>true</readonly>
         <executable>true</executable>
         <run_address>0x2db4</run_address>
         <size>0x10</size>
         <alignment>0x2</alignment>
         <input_file_ref idref="fl-65"/>
      </object_component>
      <object_component id="oc-b2">
         <name>.text:TI_memset_small</name>
         <load_address>0x2dc4</load_address>
         <readonly>true</readonly>
         <executable>true</executable>
         <run_address>0x2dc4</run_address>
         <size>0xe</size>
         <alignment>0x1</alignment>
         <input_file_ref idref="fl-11b"/>
      </object_component>
      <object_component id="oc-14d">
         <name>.text.further_task1</name>
         <load_address>0x2dd2</load_address>
         <readonly>true</readonly>
         <executable>true</executable>
         <run_address>0x2dd2</run_address>
         <size>0x2</size>
         <alignment>0x2</alignment>
         <input_file_ref idref="fl-11"/>
      </object_component>
      <object_component id="oc-190">
         <name>.text.DL_SYSCTL_getClockStatus</name>
         <load_address>0x2dd4</load_address>
         <readonly>true</readonly>
         <executable>true</executable>
         <run_address>0x2dd4</run_address>
         <size>0xc</size>
         <alignment>0x4</alignment>
         <input_file_ref idref="fl-38"/>
      </object_component>
      <object_component id="oc-65">
         <name>.text.__aeabi_memclr</name>
         <load_address>0x2de0</load_address>
         <readonly>true</readonly>
         <executable>true</executable>
         <run_address>0x2de0</run_address>
         <size>0xc</size>
         <alignment>0x4</alignment>
[...]
         <object_component_ref idref="oc-33"/>
      </symbol>
      <symbol id="sm-124">
         <name>I2C1_IRQHandler</name>
         <value>0x2e0b</value>
         <object_component_ref idref="oc-33"/>
      </symbol>
      <symbol id="sm-125">
         <name>AES_IRQHandler</name>
         <value>0x2e0b</value>
         <object_component_ref idref="oc-33"/>
      </symbol>
      <symbol id="sm-126">
         <name>RTC_IRQHandler</name>
         <value>0x2e0b</value>
         <object_component_ref idref="oc-33"/>
      </symbol>
      <symbol id="sm-127">
         <name>DMA_IRQHandler</name>
         <value>0x2e0b</value>
         <object_component_ref idref="oc-33"/>
      </symbol>
      <symbol id="sm-132">
         <name>delay_us</name>
         <value>0x2d49</value>
         <object_component_ref idref="oc-146"/>
      </symbol>
      <symbol id="sm-133">
         <name>delay_ms</name>
         <value>0x2749</value>
         <object_component_ref idref="oc-c3"/>
      </symbol>
      <symbol id="sm-14a">
         <name>main</name>
         <value>0x28b3</value>
         <object_component_ref idref="oc-6e"/>
      </symbol>
      <symbol id="sm-14b">
         <name>GROUP1_IRQHandler</name>
         <value>0x20d5</value>
         <object_component_ref idref="oc-34"/>
      </symbol>
      <symbol id="sm-14c">
         <name>key2state</name>
         <value>0x202005dd</value>
         <object_component_ref idref="oc-5d"/>
      </symbol>
      <symbol id="sm-14d">
         <name>key1state</name>
         <value>0x202005dc</value>
         <object_component_ref idref="oc-5e"/>
      </symbol>
      <symbol id="sm-167">
         <name>Set_PWM</name>
         <value>0x1429</value>
         <object_component_ref idref="oc-1bb"/>
      </symbol>
      <symbol id="sm-168">
         <name>TB6612_Init</name>
         <value>0x21a9</value>
         <object_component_ref idref="oc-8e"/>
      </symbol>
      <symbol id="sm-18a">
         <name>OLED_WR_Byte</name>
         <value>0x16c1</value>
         <object_component_ref idref="oc-c9"/>
      </symbol>
      <symbol id="sm-18b">
         <name>OLED_Refresh</name>
         <value>0x1ca9</value>
         <object_component_ref idref="oc-d7"/>
      </symbol>
      <symbol id="sm-18c">
         <name>OLED_GRAM</name>
         <value>0x20200000</value>
      </symbol>
      <symbol id="sm-18d">
         <name>OLED_Clear</name>
         <value>0x1e6d</value>
         <object_component_ref idref="oc-ca"/>
      </symbol>
      <symbol id="sm-18e">
         <name>OLED_DrawPoint</name>
         <value>0x19f5</value>
         <object_component_ref idref="oc-19f"/>
      </symbol>
      <symbol id="sm-18f">
         <name>OLED_ShowChar</name>
         <value>0xc29</value>
         <object_component_ref idref="oc-14c"/>
      </symbol>
      <symbol id="sm-190">
         <name>OLED_ShowString</name>
         <value>0x18bf</value>
         <object_component_ref idref="oc-d6"/>
      </symbol>
      <symbol id="sm-191">
         <name>OLED_Init</name>
         <value>0x1061</value>
         <object_component_ref idref="oc-89"/>
      </symbol>
      <symbol id="sm-196">
         <name>asc2_0806</name>
         <value>0x45e8</value>
         <object_component_ref idref="oc-1a4"/>
      </symbol>
      <symbol id="sm-197">
         <name>asc2_1206</name>
         <value>0x4174</value>
         <object_component_ref idref="oc-1a3"/>
      </symbol>
      <symbol id="sm-198">
         <name>asc2_1608</name>
         <value>0x3b84</value>
         <object_component_ref idref="oc-1a2"/>
      </symbol>
      <symbol id="sm-199">
         <name>asc2_2412</name>
         <value>0x2e28</value>
         <object_component_ref idref="oc-1a0"/>
      </symbol>
      <symbol id="sm-1d5">
         <name>UI_Control</name>
         <value>0xc1</value>
         <object_component_ref idref="oc-93"/>
      </symbol>
      <symbol id="sm-1d6">
         <name>further</name>
         <value>0x791</value>
         <object_component_ref idref="oc-d8"/>
      </symbol>
      <symbol id="sm-1d7">
         <name>config</name>
         <value>0x45d</value>
         <object_component_ref idref="oc-d9"/>
      </symbol>
      <symbol id="sm-1e3">
         <name>config_trace_sensor</name>
         <value>0x1f29</value>
         <object_component_ref idref="oc-1a7"/>
      </symbol>
      <symbol id="sm-1e4">
         <name>config_moter_Pin</name>
         <value>0x21e9</value>
         <object_component_ref idref="oc-17c"/>
      </symbol>
      <symbol id="sm-210">
         <name>get_TL1</name>
         <value>0x2571</value>
         <object_component_ref idref="oc-1d0"/>
      </symbol>
      <symbol id="sm-211">
         <name>get_TL2</name>
         <value>0x25a1</value>
         <object_component_ref idref="oc-1cf"/>
      </symbol>
      <symbol id="sm-212">
         <name>get_TL3</name>
         <value>0x25d1</value>
         <object_component_ref idref="oc-1ce"/>
      </symbol>
      <symbol id="sm-213">
         <name>get_TL4</name>
         <value>0x2601</value>
         <object_component_ref idref="oc-1cd"/>
      </symbol>
      <symbol id="sm-214">
         <name>get_TR1</name>
         <value>0x2631</value>
         <object_component_ref idref="oc-1d1"/>
      </symbol>
      <symbol id="sm-215">
         <name>get_TR2</name>
         <value>0x2661</value>
         <object_component_ref idref="oc-1d2"/>
      </symbol>
      <symbol id="sm-216">
         <name>get_TR3</name>
         <value>0x2691</value>
         <object_component_ref idref="oc-1d3"/>
      </symbol>
      <symbol id="sm-217">
         <name>get_TR4</name>
         <value>0x26c1</value>
         <object_component_ref idref="oc-1d4"/>
      </symbol>
      <symbol id="sm-218">
         <name>get_T</name>
         <value>0x1959</value>
         <object_component_ref idref="oc-1af"/>
      </symbol>
      <symbol id="sm-219">
         <name>get_T_ALL</name>
         <value>0x1775</value>
         <object_component_ref idref="oc-1b4"/>
      </symbol>
      <symbol id="sm-21a">
         <name>get_Terror</name>
         <value>0x1161</value>
         <object_component_ref idref="oc-1b5"/>
      </symbol>
      <symbol id="sm-225">
         <name>PID_Init</name>
         <value>0x1f83</value>
         <object_component_ref idref="oc-1aa"/>
      </symbol>
      <symbol id="sm-226">
         <name>PID_Compute</name>
         <value>0x1511</value>
         <object_component_ref idref="oc-1b6"/>
      </symbol>
      <symbol id="sm-230">
         <name>trace_to_cross</name>
         <value>0xdf9</value>
         <object_component_ref idref="oc-171"/>
      </symbol>
      <symbol id="sm-238">
         <name>autoturn</name>
         <value>0x1821</value>
         <object_component_ref idref="oc-176"/>
      </symbol>
      <symbol id="sm-248">
         <name>task1</name>
         <value>0x2955</value>
         <object_component_ref idref="oc-da"/>
      </symbol>
      <symbol id="sm-249">
         <name>task2</name>
         <value>0x2dfd</value>
         <object_component_ref idref="oc-df"/>
      </symbol>
      <symbol id="sm-24a">
         <name>task3</name>
         <value>0x2e21</value>
         <object_component_ref idref="oc-e0"/>
      </symbol>
      <symbol id="sm-24b">
         <name>task4</name>
         <value>0x2e23</value>
         <object_component_ref idref="oc-e1"/>
      </symbol>
      <symbol id="sm-264">
         <name>config1</name>
         <value>0x2df5</value>
         <object_component_ref idref="oc-15a"/>
      </symbol>
      <symbol id="sm-265">
         <name>config2</name>
         <value>0x19f3</value>
         <object_component_ref idref="oc-15f"/>
      </symbol>
      <symbol id="sm-266">
         <name>config3</name>
         <value>0x1ca7</value>
         <object_component_ref idref="oc-160"/>
      </symbol>
      <symbol id="sm-267">
         <name>config4</name>
         <value>0x1e6b</value>
         <object_component_ref idref="oc-161"/>
      </symbol>
      <symbol id="sm-268">
         <name>config5</name>
         <value>0x1fdb</value>
         <object_component_ref idref="oc-162"/>
      </symbol>
      <symbol id="sm-269">
         <name>config6</name>
         <value>0x238f</value>
         <object_component_ref idref="oc-163"/>
      </symbol>
      <symbol id="sm-26a">
         <name>config7</name>
         <value>0x23cb</value>
         <object_component_ref idref="oc-164"/>
      </symbol>
      <symbol id="sm-26b">
         <name>config8</name>
         <value>0x2ccf</value>
         <object_component_ref idref="oc-165"/>
      </symbol>
      <symbol id="sm-26c">
         <name>config9</name>
         <value>0x2d93</value>
         <object_component_ref idref="oc-166"/>
      </symbol>
      <symbol id="sm-27b">
         <name>further_task1</name>
         <value>0x2dd3</value>
         <object_component_ref idref="oc-14d"/>
      </symbol>
      <symbol id="sm-27c">
         <name>further_task2</name>
         <value>0x2e1b</value>
         <object_component_ref idref="oc-152"/>
      </symbol>
      <symbol id="sm-27d">
         <name>further_task3</name>
         <value>0x2e1d</value>
         <object_component_ref idref="oc-153"/>
      </symbol>
      <symbol id="sm-27e">
         <name>further_task4</name>
         <value>0x2e1f</value>
         <object_component_ref idref="oc-154"/>
      </symbol>
      <symbol id="sm-289">
         <name>DL_Common_delayCycles</name>
         <value>0x2c6b</value>
         <object_component_ref idref="oc-10c"/>
      </symbol>
      <symbol id="sm-29e">
         <name>DL_I2C_setClockConfig</name>
         <value>0x2439</value>
         <object_component_ref idref="oc-138"/>
      </symbol>
      <symbol id="sm-2d9">
         <name>DL_Timer_setClockConfig</name>
         <value>0x2509</value>
         <object_component_ref idref="oc-12b"/>
      </symbol>
      <symbol id="sm-2da">
         <name>DL_Timer_setCaptureCompareValue</name>
         <value>0x26f1</value>
         <object_component_ref idref="oc-cf"/>
      </symbol>
      <symbol id="sm-2db">
         <name>DL_Timer_setCaptureCompareCtl</name>
         <value>0x2265</value>
         <object_component_ref idref="oc-198"/>
      </symbol>
      <symbol id="sm-2dc">
         <name>DL_Timer_setCaptureCompareInput</name>
         <value>0x24d5</value>
         <object_component_ref idref="oc-199"/>
      </symbol>
      <symbol id="sm-2dd">
         <name>DL_Timer_setCaptCompUpdateMethod</name>
         <value>0x246d</value>
         <object_component_ref idref="oc-12f"/>
      </symbol>
      <symbol id="sm-2de">
         <name>DL_Timer_setCaptureCompareOutCtl</name>
         <value>0x2169</value>
         <object_component_ref idref="oc-12e"/>
      </symbol>
      <symbol id="sm-2df">
         <name>DL_Timer_setCaptureCompareAction</name>
         <value>0x24a1</value>
         <object_component_ref idref="oc-197"/>
      </symbol>
      <symbol id="sm-2e0">
         <name>DL_Timer_initFourCCPWMMode</name>
         <value>0x133d</value>
         <object_component_ref idref="oc-12c"/>
      </symbol>
      <symbol id="sm-30e">
         <name>DL_SYSCTL_configSYSPLL</name>
         <value>0x1251</value>
         <object_component_ref idref="oc-122"/>
      </symbol>
      <symbol id="sm-30f">
         <name>DL_SYSCTL_switchMCLKfromSYSOSCtoHSCLK</name>
         <value>0x2089</value>
         <object_component_ref idref="oc-128"/>
      </symbol>
      <symbol id="sm-315">
         <name>__TI_ATRegion0_src_addr</name>
         <value>0x0</value>
      </symbol>
      <symbol id="sm-316">
         <name>__TI_ATRegion0_trg_addr</name>
         <value>0x0</value>
      </symbol>
      <symbol id="sm-317">
         <name>__TI_ATRegion0_region_sz</name>
         <value>0x0</value>
      </symbol>
      <symbol id="sm-318">
         <name>__TI_ATRegion1_src_addr</name>
         <value>0x0</value>
      </symbol>
      <symbol id="sm-319">
         <name>__TI_ATRegion1_trg_addr</name>
         <value>0x0</value>
      </symbol>
      <symbol id="sm-31a">
         <name>__TI_ATRegion1_region_sz</name>
         <value>0x0</value>
      </symbol>
      <symbol id="sm-31b">
         <name>__TI_ATRegion2_src_addr</name>
         <value>0x0</value>
      </symbol>
      <symbol id="sm-31c">
         <name>__TI_ATRegion2_trg_addr</name>
         <value>0x0</value>
      </symbol>
      <symbol id="sm-31d">
         <name>__TI_ATRegion2_region_sz</name>
         <value>0x0</value>
      </symbol>
      <symbol id="sm-328">
         <name>_c_int00_noargs</name>
         <value>0x2865</value>
         <object_component_ref idref="oc-54"/>
      </symbol>
      <symbol id="sm-329">
         <name>__stack</name>
         <value>0x20207e00</value>
         <object_component_ref idref="oc-1a"/>
      </symbol>
      <symbol id="sm-335">
         <name>__TI_auto_init_nobinit_nopinit</name>
         <value>0x2319</value>
         <object_component_ref idref="oc-9f"/>
      </symbol>
      <symbol id="sm-33d">
         <name>_system_pre_init</name>
         <value>0x2e17</value>
         <object_component_ref idref="oc-6a"/>
      </symbol>
      <symbol id="sm-348">
         <name>__TI_zero_init</name>
         <value>0x2db5</value>
         <object_component_ref idref="oc-51"/>
      </symbol>
      <symbol id="sm-351">
         <name>__TI_decompress_none</name>
         <value>0x2d81</value>
         <object_component_ref idref="oc-20"/>
      </symbol>
      <symbol id="sm-35c">
         <name>__TI_decompress_lzss</name>
         <value>0x1d25</value>
         <object_component_ref idref="oc-1c"/>
      </symbol>
      <symbol id="sm-366">
         <name>abort</name>
         <value>0x2e05</value>
         <object_component_ref idref="oc-98"/>
      </symbol>
      <symbol id="sm-370">
         <name>HOSTexit</name>
         <value>0x2e0f</value>
         <object_component_ref idref="oc-f5"/>
      </symbol>
      <symbol id="sm-371">
         <name>C$$EXIT</name>
         <value>0x2e0e</value>
         <object_component_ref idref="oc-f5"/>
      </symbol>
      <symbol id="sm-377">
         <name>__aeabi_fadd</name>
         <value>0x15f3</value>
         <object_component_ref idref="oc-1b7"/>
      </symbol>
      <symbol id="sm-378">
         <name>__addsf3</name>
         <value>0x15f3</value>
         <object_component_ref idref="oc-1b7"/>
      </symbol>
      <symbol id="sm-379">
         <name>__aeabi_fsub</name>
         <value>0x15e9</value>
         <object_component_ref idref="oc-1b7"/>
      </symbol>
      <symbol id="sm-37a">
         <name>__subsf3</name>
         <value>0x15e9</value>
         <object_component_ref idref="oc-1b7"/>
      </symbol>
      <symbol id="sm-380">
         <name>__muldsi3</name>
         <value>0x2391</value>
         <object_component_ref idref="oc-1ee"/>
      </symbol>
      <symbol id="sm-386">
         <name>__aeabi_fmul</name>
         <value>0x1b15</value>
         <object_component_ref idref="oc-1d7"/>
      </symbol>
      <symbol id="sm-387">
         <name>__mulsf3</name>
         <value>0x1b15</value>
         <object_component_ref idref="oc-1d7"/>
      </symbol>
      <symbol id="sm-38d">
         <name>__aeabi_fdiv</name>
         <value>0x1c25</value>
         <object_component_ref idref="oc-1dc"/>
      </symbol>
      <symbol id="sm-38e">
         <name>__divsf3</name>
         <value>0x1c25</value>
         <object_component_ref idref="oc-1dc"/>
      </symbol>
      <symbol id="sm-394">
         <name>__aeabi_f2iz</name>
         <value>0x23cd</value>
         <object_component_ref idref="oc-1e0"/>
      </symbol>
      <symbol id="sm-395">
         <name>__fixsfsi</name>
         <value>0x23cd</value>
         <object_component_ref idref="oc-1e0"/>
      </symbol>
      <symbol id="sm-39b">
         <name>__aeabi_fcmpeq</name>
         <value>0x1e09</value>
         <object_component_ref idref="oc-1be"/>
      </symbol>
      <symbol id="sm-39c">
         <name>__aeabi_fcmplt</name>
         <value>0x1e1d</value>
         <object_component_ref idref="oc-1be"/>
      </symbol>
      <symbol id="sm-39d">
         <name>__aeabi_fcmple</name>
         <value>0x1e31</value>
         <object_component_ref idref="oc-1be"/>
      </symbol>
      <symbol id="sm-39e">
         <name>__aeabi_fcmpge</name>
         <value>0x1e45</value>
         <object_component_ref idref="oc-1be"/>
      </symbol>
      <symbol id="sm-39f">
         <name>__aeabi_fcmpgt</name>
         <value>0x1e59</value>
         <object_component_ref idref="oc-1be"/>
      </symbol>
      <symbol id="sm-3a5">
         <name>__aeabi_memcpy</name>
         <value>0x2ded</value>
         <object_component_ref idref="oc-44"/>
      </symbol>
      <symbol id="sm-3a6">
         <name>__aeabi_memcpy4</name>
         <value>0x2ded</value>
         <object_component_ref idref="oc-44"/>
      </symbol>
      <symbol id="sm-3a7">
         <name>__aeabi_memcpy8</name>
         <value>0x2ded</value>
         <object_component_ref idref="oc-44"/>
      </symbol>
      <symbol id="sm-3ae">
         <name>__aeabi_memclr</name>
         <value>0x2de1</value>
         <object_component_ref idref="oc-65"/>
      </symbol>
      <symbol id="sm-3af">
         <name>__aeabi_memclr4</name>
         <value>0x2de1</value>
         <object_component_ref idref="oc-65"/>
      </symbol>
      <symbol id="sm-3b0">
         <name>__aeabi_memclr8</name>
         <value>0x2de1</value>
         <object_component_ref idref="oc-65"/>
      </symbol>
      <symbol id="sm-3b9">
         <name>__eqsf2</name>
         <value>0x2355</value>
         <object_component_ref idref="oc-1e6"/>
      </symbol>
      <symbol id="sm-3ba">
         <name>__lesf2</name>
         <value>0x2355</value>
         <object_component_ref idref="oc-1e6"/>
      </symbol>
      <symbol id="sm-3bb">
         <name>__ltsf2</name>
         <value>0x2355</value>
         <object_component_ref idref="oc-1e6"/>
      </symbol>
      <symbol id="sm-3bc">
         <name>__nesf2</name>
         <value>0x2355</value>
         <object_component_ref idref="oc-1e6"/>
      </symbol>
      <symbol id="sm-3bd">
         <name>__cmpsf2</name>
         <value>0x2355</value>
         <object_component_ref idref="oc-1e6"/>
      </symbol>
      <symbol id="sm-3be">
         <name>__gtsf2</name>
         <value>0x22dd</value>
         <object_component_ref idref="oc-1eb"/>
      </symbol>
      <symbol id="sm-3bf">
         <name>__gesf2</name>
         <value>0x22dd</value>
         <object_component_ref idref="oc-1eb"/>
      </symbol>
      <symbol id="sm-3c9">
         <name>TI_memcpy_small</name>
         <value>0x2d6f</value>
         <object_component_ref idref="oc-79"/>
      </symbol>
      <symbol id="sm-3d2">
         <name>TI_memset_small</name>
         <value>0x2dc5</value>
         <object_component_ref idref="oc-b2"/>
      </symbol>
      <symbol id="sm-3d3">
         <name>__TI_static_base__</name>
         <value>0x0</value>
      </symbol>
      <symbol id="sm-3d6">
         <name>__mpu_init</name>
         <value>0x0</value>
      </symbol>
      <symbol id="sm-3d7">
         <name>_system_post_cinit</name>
         <value>0x0</value>
      </symbol>
   </symbol_table>
   <title>Link successful</title>
</link_info>
