******************************************************************************
            TI ARM Clang Linker PC v4.0.3                      
******************************************************************************
>> Linked Thu Jul 31 05:48:23 2025

OUTPUT FILE NAME:   <car_demo.out>
ENTRY POINT SYMBOL: "_c_int00_noargs"  address: 00002865


MEMORY CONFIGURATION

         name            origin    length      used     unused   attr    fill
----------------------  --------  ---------  --------  --------  ----  --------
  FLASH                 00000000   00020000  000049c8  0001b638  R  X
  SRAM                  20200000   00008000  000007de  00007822  RW X
  BCR_CONFIG            41c00000   000000ff  00000000  000000ff  R   
  BSL_CONFIG            41c00100   00000080  00000000  00000080  R   


SEGMENT ALLOCATION MAP

run origin  load origin   length   init length attrs members
----------  ----------- ---------- ----------- ----- -------
00000000    00000000    000049c8   000049c8    r-x
  00000000    00000000    000000c0   000000c0    r-- .intvecs
  000000c0    000000c0    00002d68   00002d68    r-x .text
  00002e28    00002e28    00001b70   00001b70    r-- .rodata
  00004998    00004998    00000030   00000030    r-- .cinit
20200000    20200000    000005de   00000000    rw-
  20200000    20200000    000005dc   00000000    rw- .bss
  202005dc    202005dc    00000002   00000000    rw- .data
20207e00    20207e00    00000200   00000000    rw-
  20207e00    20207e00    00000200   00000000    rw- .stack


SECTION ALLOCATION MAP

 output                                  attributes/
section   page    origin      length       input sections
--------  ----  ----------  ----------   ----------------
.intvecs   0    00000000    000000c0     
                  00000000    000000c0     startup_mspm0g350x_ticlang.o (.intvecs)

.text      0    000000c0    00002d68     
                  000000c0    0000039c     Mode_UI.o (.text.UI_Control)
                  0000045c    00000334     Mode_UI.o (.text.config)
                  00000790    00000288     Mode_UI.o (.text.further)
                  00000a18    00000210     ti_msp_dl_config.o (.text.SYSCFG_DL_GPIO_init)
                  00000c28    000001d0     oled.o (.text.OLED_ShowChar)
                  00000df8    00000158     Mode_trace.o (.text.trace_to_cross)
                  00000f50    00000110     dl_timer.o (.text.DL_Timer_initTwoCCPWMMode)
                  00001060    00000100     oled.o (.text.OLED_Init)
                  00001160    000000f0     Mode_path.o (.text.get_Terror)
                  00001250    000000ec     dl_sysctl_mspm0g1x0x_g3x0x.o (.text.DL_SYSCTL_configSYSPLL)
                  0000133c    000000ec     dl_timer.o (.text.DL_Timer_initFourCCPWMMode)
                  00001428    000000e8     TB6612.o (.text.Set_PWM)
                  00001510    000000d8     Mode_pid.o (.text.PID_Compute)
                  000015e8    000000d8     libclang_rt.builtins.a : addsf3.S.obj (.text)
                  000016c0    000000b4     oled.o (.text.OLED_WR_Byte)
                  00001774    000000ac     Mode_path.o (.text.get_T_ALL)
                  00001820    0000009e     Mode_turn.o (.text.autoturn)
                  000018be    0000009a     oled.o (.text.OLED_ShowString)
                  00001958    0000009a     Mode_path.o (.text.get_T)
                  000019f2    00000002     config.o (.text.config2)
                  000019f4    00000090     oled.o (.text.OLED_DrawPoint)
                  00001a84    00000090     ti_msp_dl_config.o (.text.SYSCFG_DL_MOTOR_PWM_init)
                  00001b14    0000008c     libclang_rt.builtins.a : mulsf3.S.obj (.text.__mulsf3)
                  00001ba0    00000084     ti_msp_dl_config.o (.text.__NVIC_SetPriority)
                  00001c24    00000082     libclang_rt.builtins.a : divsf3.S.obj (.text.__divsf3)
                  00001ca6    00000002     config.o (.text.config3)
                  00001ca8    0000007c     oled.o (.text.OLED_Refresh)
                  00001d24    0000007c     libc.a : copy_decompress_lzss.c.obj (.text:decompress:lzss)
                  00001da0    00000068     ti_msp_dl_config.o (.text.SYSCFG_DL_initPower)
                  00001e08    00000062     libclang_rt.builtins.a : aeabi_fcmp.S.obj (.text.__aeabi_fcmp)
                  00001e6a    00000002     config.o (.text.config4)
                  00001e6c    00000060     oled.o (.text.OLED_Clear)
                  00001ecc    0000005c     ti_msp_dl_config.o (.text.SYSCFG_DL_ENCODER_QEI_init)
                  00001f28    0000005a     Mode_config.o (.text.config_trace_sensor)
                  00001f82    00000058     Mode_pid.o (.text.PID_Init)
                  00001fda    00000002     config.o (.text.config5)
                  00001fdc    00000058     ti_msp_dl_config.o (.text.SYSCFG_DL_I2C_MPU6050_init)
                  00002034    00000054     ti_msp_dl_config.o (.text.DL_Timer_configQEI)
                  00002088    0000004c     dl_sysctl_mspm0g1x0x_g3x0x.o (.text.DL_SYSCTL_switchMCLKfromSYSOSCtoHSCLK)
                  000020d4    0000004c     main.o (.text.GROUP1_IRQHandler)
                  00002120    00000048     ti_msp_dl_config.o (.text.SYSCFG_DL_SYSCTL_init)
                  00002168    00000040     dl_timer.o (.text.DL_Timer_setCaptureCompareOutCtl)
                  000021a8    00000040     TB6612.o (.text.TB6612_Init)
                  000021e8    00000040     Mode_config.o (.text.config_moter_Pin)
                  00002228    0000003c     ti_msp_dl_config.o (.text.DL_GPIO_initPeripheralInputFunctionFeatures)
                  00002264    0000003c     dl_timer.o (.text.DL_Timer_setCaptureCompareCtl)
                  000022a0    0000003c     ti_msp_dl_config.o (.text.DL_Timer_setCounterControl)
                  000022dc    0000003c     libclang_rt.builtins.a : comparesf2.S.obj (.text.__gtsf2)
                  00002318    0000003c     libc.a : autoinit.c.obj (.text:__TI_auto_init_nobinit_nopinit)
                  00002354    0000003a     libclang_rt.builtins.a : comparesf2.S.obj (.text.__eqsf2)
                  0000238e    00000002     config.o (.text.config6)
                  00002390    0000003a     libclang_rt.builtins.a : muldsi3.S.obj (.text.__muldsi3)
                  000023ca    00000002     config.o (.text.config7)
                  000023cc    00000038     libclang_rt.builtins.a : fixsfsi.S.obj (.text.__fixsfsi)
                  00002404    00000034     ti_msp_dl_config.o (.text.DL_GPIO_initDigitalInputFeatures)
                  00002438    00000034     dl_i2c.o (.text.DL_I2C_setClockConfig)
                  0000246c    00000034     dl_timer.o (.text.DL_Timer_setCaptCompUpdateMethod)
                  000024a0    00000034     dl_timer.o (.text.DL_Timer_setCaptureCompareAction)
                  000024d4    00000034     dl_timer.o (.text.DL_Timer_setCaptureCompareInput)
                  00002508    00000034     dl_timer.o (.text.DL_Timer_setClockConfig)
                  0000253c    00000034     ti_msp_dl_config.o (.text.SYSCFG_DL_init)
                  00002570    00000030     Mode_path.o (.text.get_TL1)
                  000025a0    00000030     Mode_path.o (.text.get_TL2)
                  000025d0    00000030     Mode_path.o (.text.get_TL3)
                  00002600    00000030     Mode_path.o (.text.get_TL4)
                  00002630    00000030     Mode_path.o (.text.get_TR1)
                  00002660    00000030     Mode_path.o (.text.get_TR2)
                  00002690    00000030     Mode_path.o (.text.get_TR3)
                  000026c0    00000030     Mode_path.o (.text.get_TR4)
                  000026f0    0000002c     dl_timer.o (.text.DL_Timer_setCaptureCompareValue)
                  0000271c    0000002c     main.o (.text.__NVIC_EnableIRQ)
                  00002748    0000002c     delay.o (.text.delay_ms)
                  00002774    00000028     dl_i2c.o (.text.DL_Common_updateReg)
                  0000279c    00000028     dl_sysctl_mspm0g1x0x_g3x0x.o (.text.DL_Common_updateReg)
                  000027c4    00000028     dl_timer.o (.text.DL_Common_updateReg)
                  000027ec    00000028     ti_msp_dl_config.o (.text.DL_Common_updateReg)
                  00002814    00000028     ti_msp_dl_config.o (.text.DL_I2C_setControllerRXFIFOThreshold)
                  0000283c    00000028     ti_msp_dl_config.o (.text.DL_I2C_setControllerTXFIFOThreshold)
                  00002864    00000028     libc.a : boot_cortex_m.c.obj (.text:_c_int00_noargs)
                  0000288c    00000026     ti_msp_dl_config.o (.text.DL_I2C_setAnalogGlitchFilterPulseWidth)
                  000028b2    00000022     main.o (.text.main)
                  000028d4    00000020     dl_sysctl_mspm0g1x0x_g3x0x.o (.text.DL_CORE_configInstruction)
                  000028f4    00000020     ti_msp_dl_config.o (.text.DL_GPIO_initPeripheralInputFunction)
                  00002914    00000020     ti_msp_dl_config.o (.text.DL_SYSCTL_setFlashWaitState)
                  00002934    00000020     dl_timer.o (.text.DL_Timer_setCounterValueAfterEnable)
                  00002954    00000020     basic_task.o (.text.task1)
                  00002974    0000001c     ti_msp_dl_config.o (.text.DL_GPIO_clearInterruptStatus)
                  00002990    0000001c     ti_msp_dl_config.o (.text.DL_GPIO_enableHiZ)
                  000029ac    0000001c     ti_msp_dl_config.o (.text.DL_GPIO_enableInterrupt)
                  000029c8    0000001c     ti_msp_dl_config.o (.text.DL_GPIO_initPeripheralOutputFunction)
                  000029e4    0000001c     ti_msp_dl_config.o (.text.DL_GPIO_setLowerPinsInputFilter)
                  00002a00    0000001c     ti_msp_dl_config.o (.text.DL_GPIO_setLowerPinsPolarity)
                  00002a1c    0000001c     main.o (.text.DL_Interrupt_getPendingGroup)
                  00002a38    0000001c     ti_msp_dl_config.o (.text.DL_SYSCTL_setSYSOSCFreq)
                  00002a54    0000001c     ti_msp_dl_config.o (.text.DL_SYSCTL_setULPCLKDivider)
                  00002a70    0000001c     ti_msp_dl_config.o (.text.DL_Timer_enableInterrupt)
                  00002a8c    00000018     ti_msp_dl_config.o (.text.DL_GPIO_enableOutput)
                  00002aa4    00000018     ti_msp_dl_config.o (.text.DL_GPIO_enablePower)
                  00002abc    00000018     ti_msp_dl_config.o (.text.DL_GPIO_initDigitalOutput)
                  00002ad4    00000018     ti_msp_dl_config.o (.text.DL_GPIO_reset)
                  00002aec    00000018     oled.o (.text.DL_GPIO_setPins)
                  00002b04    00000018     ti_msp_dl_config.o (.text.DL_GPIO_setUpperPinsPolarity)
                  00002b1c    00000018     ti_msp_dl_config.o (.text.DL_I2C_enableAnalogGlitchFilter)
                  00002b34    00000018     ti_msp_dl_config.o (.text.DL_I2C_enableController)
                  00002b4c    00000018     ti_msp_dl_config.o (.text.DL_I2C_enableControllerClockStretching)
                  00002b64    00000018     ti_msp_dl_config.o (.text.DL_I2C_enablePower)
                  00002b7c    00000018     ti_msp_dl_config.o (.text.DL_I2C_reset)
                  00002b94    00000018     ti_msp_dl_config.o (.text.DL_I2C_setTimerPeriod)
                  00002bac    00000018     ti_msp_dl_config.o (.text.DL_SYSCTL_setBORThreshold)
                  00002bc4    00000018     dl_sysctl_mspm0g1x0x_g3x0x.o (.text.DL_SYSCTL_setHSCLKSource)
                  00002bdc    00000018     ti_msp_dl_config.o (.text.DL_Timer_enablePower)
                  00002bf4    00000018     ti_msp_dl_config.o (.text.DL_Timer_reset)
                  00002c0c    00000018     dl_timer.o (.text.DL_Timer_setLoadValue)
                  00002c24    00000018     ti_msp_dl_config.o (.text.DL_Timer_setLoadValue)
                  00002c3c    00000018     TB6612.o (.text.DL_Timer_startCounter)
                  00002c54    00000016     Mode_path.o (.text.DL_GPIO_readPins)
                  00002c6a    00000014     dl_common.o (.text.DL_Common_delayCycles)
                  00002c7e    00000014     TB6612.o (.text.DL_GPIO_clearPins)
                  00002c92    00000014     oled.o (.text.DL_GPIO_clearPins)
                  00002ca6    00000014     ti_msp_dl_config.o (.text.DL_GPIO_clearPins)
                  00002cba    00000014     TB6612.o (.text.DL_GPIO_writePins)
                  00002cce    00000002     config.o (.text.config8)
                  00002cd0    00000014     ti_msp_dl_config.o (.text.DL_I2C_resetControllerTransfer)
                  00002ce4    00000014     dl_sysctl_mspm0g1x0x_g3x0x.o (.text.DL_SYSCTL_disableSYSPLL)
                  00002cf8    00000014     ti_msp_dl_config.o (.text.DL_SYSCTL_disableSYSPLL)
                  00002d0c    00000014     ti_msp_dl_config.o (.text.DL_Timer_enableClock)
                  00002d20    00000014     ti_msp_dl_config.o (.text.DL_Timer_setCCPDirection)
                  00002d34    00000014     TB6612.o (.text.DL_Timer_setTimerCount)
                  00002d48    00000014     delay.o (.text.delay_us)
                  00002d5c    00000012     main.o (.text.DL_GPIO_getPendingInterrupt)
                  00002d6e    00000012     libc.a : memcpy16.S.obj (.text:TI_memcpy_small)
                  00002d80    00000012            : copy_decompress_none.c.obj (.text:decompress:none)
                  00002d92    00000002     config.o (.text.config9)
                  00002d94    00000010     dl_sysctl_mspm0g1x0x_g3x0x.o (.text.DL_CORE_getInstructionConfig)
                  00002da4    00000010     ti_msp_dl_config.o (.text.DL_SYSCTL_disableHFXT)
                  00002db4    00000010     libc.a : copy_zero_init.c.obj (.text:decompress:ZI)
                  00002dc4    0000000e            : memset16.S.obj (.text:TI_memset_small)
                  00002dd2    00000002     further_task.o (.text.further_task1)
                  00002dd4    0000000c     dl_sysctl_mspm0g1x0x_g3x0x.o (.text.DL_SYSCTL_getClockStatus)
                  00002de0    0000000c     libclang_rt.builtins.a : aeabi_memset.S.obj (.text.__aeabi_memclr)
                  00002dec    00000008                            : aeabi_memcpy.S.obj (.text.__aeabi_memcpy)
                  00002df4    00000008     config.o (.text.config1)
                  00002dfc    00000008     basic_task.o (.text.task2)
                  00002e04    00000006     libc.a : exit.c.obj (.text:abort)
                  00002e0a    00000004     startup_mspm0g350x_ticlang.o (.text.Default_Handler)
                  00002e0e    00000004     libsysbm.a : hostexit.c.obj (.text.HOSTexit)
                  00002e12    00000004     startup_mspm0g350x_ticlang.o (.text.Reset_Handler)
                  00002e16    00000004     libc.a : pre_init.c.obj (.text._system_pre_init)
                  00002e1a    00000002     further_task.o (.text.further_task2)
                  00002e1c    00000002     further_task.o (.text.further_task3)
                  00002e1e    00000002     further_task.o (.text.further_task4)
                  00002e20    00000002     basic_task.o (.text.task3)
                  00002e22    00000002     basic_task.o (.text.task4)
                  00002e24    00000004     --HOLE-- [fill = 0]

.cinit     0    00004998    00000030     
                  00004998    0000000c     (__TI_handler_table)
                  000049a4    00000008     (.cinit..bss.load) [load image, compression = zero_init]
                  000049ac    00000006     (.cinit..data.load) [load image, compression = lzss]
                  000049b2    00000002     --HOLE-- [fill = 0]
                  000049b4    00000010     (__TI_cinit_table)
                  000049c4    00000004     --HOLE-- [fill = 0]

.rodata    0    00002e28    00001b70     
                  00002e28    00000d5c     oledfont.o (.rodata.asc2_2412)
                  00003b84    000005f0     oledfont.o (.rodata.asc2_1608)
                  00004174    00000474     oledfont.o (.rodata.asc2_1206)
                  000045e8    00000228     oledfont.o (.rodata.asc2_0806)
                  00004810    00000028     ti_msp_dl_config.o (.rodata.gSYSPLLConfig)
                  00004838    00000015     Mode_UI.o (.rodata.str1.9398604519517753416.1)
                  0000484d    00000014     Mode_UI.o (.rodata.str1.3220415122164112348.1)
                  00004861    00000012     Mode_UI.o (.rodata.str1.2659898443897812171.1)
                  00004873    0000000f     Mode_UI.o (.rodata.str1.5687399098059749994.1)
                  00004882    0000000e     Mode_UI.o (.rodata.str1.17273783578446644077.1)
                  00004890    0000000e     Mode_UI.o (.rodata.str1.17903138123765516645.1)
                  0000489e    0000000d     Mode_UI.o (.rodata.str1.17554910526266905024.1)
                  000048ab    0000000c     Mode_UI.o (.rodata.str1.133509276630806808.1)
                  000048b7    0000000c     Mode_UI.o (.rodata.str1.9398939867079619760.1)
                  000048c3    0000000b     Mode_UI.o (.rodata.str1.5289619750223788370.1)
                  000048ce    0000000a     Mode_UI.o (.rodata.str1.14651154185572455840.1)
                  000048d8    0000000a     Mode_UI.o (.rodata.str1.17470811488106507360.1)
                  000048e2    0000000a     Mode_UI.o (.rodata.str1.8122022672339643513.1)
                  000048ec    0000000a     Mode_UI.o (.rodata.str1.9259395626480816769.1)
                  000048f6    00000009     Mode_UI.o (.rodata.str1.1158699030343323510.1)
                  000048ff    00000009     Mode_UI.o (.rodata.str1.16408302224846283483.1)
                  00004908    00000009     Mode_UI.o (.rodata.str1.17888245425876177022.1)
                  00004911    00000009     Mode_UI.o (.rodata.str1.2534945821874255006.1)
                  0000491a    00000009     Mode_UI.o (.rodata.str1.2713800999186622667.1)
                  00004923    00000009     Mode_UI.o (.rodata.str1.4430172499273297100.1)
                  0000492c    00000009     Mode_UI.o (.rodata.str1.448009123059621122.1)
                  00004935    00000009     Mode_UI.o (.rodata.str1.4886152204632382469.1)
                  0000493e    00000009     Mode_UI.o (.rodata.str1.8422704260633952780.1)
                  00004947    00000001     --HOLE-- [fill = 0]
                  00004948    00000008     ti_msp_dl_config.o (.rodata.gMOTOR_PWMConfig)
                  00004950    00000008     Mode_UI.o (.rodata.str1.17499225648165647088.1)
                  00004958    00000008     Mode_UI.o (.rodata.str1.3306419673866654206.1)
                  00004960    00000007     Mode_UI.o (.rodata.str1.10111273579278039761.1)
                  00004967    00000007     Mode_UI.o (.rodata.str1.12913302348418264938.1)
                  0000496e    00000007     Mode_UI.o (.rodata.str1.17880849611852273050.1)
                  00004975    00000007     Mode_UI.o (.rodata.str1.6345238302782819900.1)
                  0000497c    00000007     Mode_UI.o (.rodata.str1.8251637588713991517.1)
                  00004983    00000006     Mode_UI.o (.rodata.str1.868101863306109378.1)
                  00004989    00000005     Mode_UI.o (.rodata.str1.3346421618922241076.1)
                  0000498e    00000003     ti_msp_dl_config.o (.rodata.gENCODER_QEIClockConfig)
                  00004991    00000003     ti_msp_dl_config.o (.rodata.gMOTOR_PWMClockConfig)
                  00004994    00000002     ti_msp_dl_config.o (.rodata.gI2C_MPU6050ClockConfig)
                  00004996    00000002     --HOLE-- [fill = 0]

.init_array 
*          0    00000000    00000000     UNINITIALIZED

.binit     0    00000000    00000000     

.bss       0    20200000    000005dc     UNINITIALIZED
                  20200000    00000480     (.common:OLED_GRAM)
                  20200480    000000bc     (.common:gMOTOR_PWMBackup)
                  2020053c    000000a0     (.common:gENCODER_QEIBackup)

.data      0    202005dc    00000002     UNINITIALIZED
                  202005dc    00000001     main.o (.data.key1state)
                  202005dd    00000001     main.o (.data.key2state)

.stack     0    20207e00    00000200     UNINITIALIZED
                  20207e00    00000004     libc.a : boot_cortex_m.c.obj (.stack)
                  20207e04    000001fc     --HOLE--

__llvm_prf_cnts 
*          0    20200000    00000000     UNINITIALIZED

__llvm_prf_bits 
*          0    20200000    00000000     UNINITIALIZED

MODULE SUMMARY

       Module                         code    ro data   rw data
       ------                         ----    -------   -------
    .\
       ti_msp_dl_config.o             2418    56        348    
       main.o                         200     0         2      
       startup_mspm0g350x_ticlang.o   8       192       0      
       delay.o                        64      0         0      
    +--+------------------------------+-------+---------+---------+
       Total:                         2690    248       350    
                                                               
    .\Hardware\Src\
       oledfont.o                     0       6632      0      
       oled.o                         1462    0         1152   
       TB6612.o                       380     0         0      
    +--+------------------------------+-------+---------+---------+
       Total:                         1842    6632      1152   
                                                               
    .\Mode\Src\
       Mode_UI.o                      2392    333       0      
       Mode_path.o                    972     0         0      
       Mode_trace.o                   344     0         0      
       Mode_pid.o                     304     0         0      
       Mode_turn.o                    158     0         0      
       Mode_config.o                  154     0         0      
    +--+------------------------------+-------+---------+---------+
       Total:                         4324    333       0      
                                                               
    .\Task\Src\
       basic_task.o                   44      0         0      
       config.o                       24      0         0      
       further_task.o                 8       0         0      
    +--+------------------------------+-------+---------+---------+
       Total:                         76      0         0      
                                                               
    .\ti\driverlib\
       dl_timer.o                     980     0         0      
       dl_i2c.o                       92      0         0      
       dl_common.o                    20      0         0      
    +--+------------------------------+-------+---------+---------+
       Total:                         1092    0         0      
                                                               
    .\ti\driverlib\m0p\sysctl\
       dl_sysctl_mspm0g1x0x_g3x0x.o   456     0         0      
    +--+------------------------------+-------+---------+---------+
       Total:                         456     0         0      
                                                               
    C:\ti\ccs2020\ccs\tools\compiler\ti-cgt-armllvm_4.0.3.LTS\lib\armv6m-ti-none-eabi/c/libc.a
       copy_decompress_lzss.c.obj     124     0         0      
       autoinit.c.obj                 60      0         0      
       boot_cortex_m.c.obj            40      0         0      
       copy_decompress_none.c.obj     18      0         0      
       memcpy16.S.obj                 18      0         0      
       copy_zero_init.c.obj           16      0         0      
       memset16.S.obj                 14      0         0      
       exit.c.obj                     6       0         0      
       pre_init.c.obj                 4       0         0      
    +--+------------------------------+-------+---------+---------+
       Total:                         300     0         0      
                                                               
    C:\ti\ccs2020\ccs\tools\compiler\ti-cgt-armllvm_4.0.3.LTS\lib\armv6m-ti-none-eabi/c/libsysbm.a
       hostexit.c.obj                 4       0         0      
    +--+------------------------------+-------+---------+---------+
       Total:                         4       0         0      
                                                               
    C:\ti\ccs2020\ccs\tools\compiler\ti-cgt-armllvm_4.0.3.LTS\lib\armv6m-ti-none-eabi/libclang_rt.builtins.a
       addsf3.S.obj                   216     0         0      
       mulsf3.S.obj                   140     0         0      
       divsf3.S.obj                   130     0         0      
       comparesf2.S.obj               118     0         0      
       aeabi_fcmp.S.obj               98      0         0      
       muldsi3.S.obj                  58      0         0      
       fixsfsi.S.obj                  56      0         0      
       aeabi_memset.S.obj             12      0         0      
       aeabi_memcpy.S.obj             8       0         0      
    +--+------------------------------+-------+---------+---------+
       Total:                         836     0         0      
                                                               
       Stack:                         0       0         512    
       Linker Generated:              0       42        0      
    +--+------------------------------+-------+---------+---------+
       Grand Total:                   11620   7255      2014   


LINKER GENERATED COPY TABLES

__TI_cinit_table @ 000049b4 records: 2, size/record: 8, table size: 16
	.bss: load addr=000049a4, load size=00000008 bytes, run addr=20200000, run size=000005dc bytes, compression=zero_init
	.data: load addr=000049ac, load size=00000006 bytes, run addr=202005dc, run size=00000002 bytes, compression=lzss


LINKER GENERATED HANDLER TABLE

__TI_handler_table @ 00004998 records: 3, size/record: 4, table size: 12
	index: 0, handler: __TI_decompress_lzss
	index: 1, handler: __TI_decompress_none
	index: 2, handler: __TI_zero_init


GLOBAL SYMBOLS: SORTED ALPHABETICALLY BY Name 

address   name                                 
-------   ----                                 
00002e0b  ADC0_IRQHandler                      
00002e0b  ADC1_IRQHandler                      
00002e0b  AES_IRQHandler                       
00002e0e  C$$EXIT                              
00002e0b  CANFD0_IRQHandler                    
00002e0b  DAC0_IRQHandler                      
00002c6b  DL_Common_delayCycles                
00002439  DL_I2C_setClockConfig                
00001251  DL_SYSCTL_configSYSPLL               
00002089  DL_SYSCTL_switchMCLKfromSYSOSCtoHSCLK
0000133d  DL_Timer_initFourCCPWMMode           
0000246d  DL_Timer_setCaptCompUpdateMethod     
000024a1  DL_Timer_setCaptureCompareAction     
00002265  DL_Timer_setCaptureCompareCtl        
000024d5  DL_Timer_setCaptureCompareInput      
00002169  DL_Timer_setCaptureCompareOutCtl     
000026f1  DL_Timer_setCaptureCompareValue      
00002509  DL_Timer_setClockConfig              
00002e0b  DMA_IRQHandler                       
00002e0b  Default_Handler                      
00002e0b  GROUP0_IRQHandler                    
000020d5  GROUP1_IRQHandler                    
00002e0f  HOSTexit                             
00002e0b  HardFault_Handler                    
00002e0b  I2C0_IRQHandler                      
00002e0b  I2C1_IRQHandler                      
00002e0b  NMI_Handler                          
00001e6d  OLED_Clear                           
000019f5  OLED_DrawPoint                       
20200000  OLED_GRAM                            
00001061  OLED_Init                            
00001ca9  OLED_Refresh                         
00000c29  OLED_ShowChar                        
000018bf  OLED_ShowString                      
000016c1  OLED_WR_Byte                         
00001511  PID_Compute                          
00001f83  PID_Init                             
00002e0b  PendSV_Handler                       
00002e0b  RTC_IRQHandler                       
00002e13  Reset_Handler                        
00002e0b  SPI0_IRQHandler                      
00002e0b  SPI1_IRQHandler                      
00002e0b  SVC_Handler                          
00001ecd  SYSCFG_DL_ENCODER_QEI_init           
00000a19  SYSCFG_DL_GPIO_init                  
00001fdd  SYSCFG_DL_I2C_MPU6050_init           
00001a85  SYSCFG_DL_MOTOR_PWM_init             
00002121  SYSCFG_DL_SYSCTL_init                
0000253d  SYSCFG_DL_init                       
00001da1  SYSCFG_DL_initPower                  
00001429  Set_PWM                              
00002e0b  SysTick_Handler                      
000021a9  TB6612_Init                          
00002e0b  TIMA0_IRQHandler                     
00002e0b  TIMA1_IRQHandler                     
00002e0b  TIMG0_IRQHandler                     
00002e0b  TIMG12_IRQHandler                    
00002e0b  TIMG6_IRQHandler                     
00002e0b  TIMG7_IRQHandler                     
00002e0b  TIMG8_IRQHandler                     
00002d6f  TI_memcpy_small                      
00002dc5  TI_memset_small                      
00002e0b  UART0_IRQHandler                     
00002e0b  UART1_IRQHandler                     
00002e0b  UART2_IRQHandler                     
00002e0b  UART3_IRQHandler                     
000000c1  UI_Control                           
20208000  __STACK_END                          
00000200  __STACK_SIZE                         
00000000  __TI_ATRegion0_region_sz             
00000000  __TI_ATRegion0_src_addr              
00000000  __TI_ATRegion0_trg_addr              
00000000  __TI_ATRegion1_region_sz             
00000000  __TI_ATRegion1_src_addr              
00000000  __TI_ATRegion1_trg_addr              
00000000  __TI_ATRegion2_region_sz             
00000000  __TI_ATRegion2_src_addr              
00000000  __TI_ATRegion2_trg_addr              
000049b4  __TI_CINIT_Base                      
000049c4  __TI_CINIT_Limit                     
000049c4  __TI_CINIT_Warm                      
00004998  __TI_Handler_Table_Base              
000049a4  __TI_Handler_Table_Limit             
00002319  __TI_auto_init_nobinit_nopinit       
00001d25  __TI_decompress_lzss                 
00002d81  __TI_decompress_none                 
ffffffff  __TI_pprof_out_hndl                  
ffffffff  __TI_prof_data_size                  
ffffffff  __TI_prof_data_start                 
00000000  __TI_static_base__                   
00002db5  __TI_zero_init                       
000015f3  __addsf3                             
000023cd  __aeabi_f2iz                         
000015f3  __aeabi_fadd                         
00001e09  __aeabi_fcmpeq                       
00001e45  __aeabi_fcmpge                       
00001e59  __aeabi_fcmpgt                       
00001e31  __aeabi_fcmple                       
00001e1d  __aeabi_fcmplt                       
00001c25  __aeabi_fdiv                         
00001b15  __aeabi_fmul                         
000015e9  __aeabi_fsub                         
00002de1  __aeabi_memclr                       
00002de1  __aeabi_memclr4                      
00002de1  __aeabi_memclr8                      
00002ded  __aeabi_memcpy                       
00002ded  __aeabi_memcpy4                      
00002ded  __aeabi_memcpy8                      
ffffffff  __binit__                            
00002355  __cmpsf2                             
00001c25  __divsf3                             
00002355  __eqsf2                              
000023cd  __fixsfsi                            
000022dd  __gesf2                              
000022dd  __gtsf2                              
00002355  __lesf2                              
00002355  __ltsf2                              
UNDEFED   __mpu_init                           
00002391  __muldsi3                            
00001b15  __mulsf3                             
00002355  __nesf2                              
20207e00  __stack                              
20200000  __start___llvm_prf_bits              
20200000  __start___llvm_prf_cnts              
20200000  __stop___llvm_prf_bits               
20200000  __stop___llvm_prf_cnts               
000015e9  __subsf3                             
00002865  _c_int00_noargs                      
UNDEFED   _system_post_cinit                   
00002e17  _system_pre_init                     
00002e05  abort                                
000045e8  asc2_0806                            
00004174  asc2_1206                            
00003b84  asc2_1608                            
00002e28  asc2_2412                            
00001821  autoturn                             
ffffffff  binit                                
0000045d  config                               
00002df5  config1                              
000019f3  config2                              
00001ca7  config3                              
00001e6b  config4                              
00001fdb  config5                              
0000238f  config6                              
000023cb  config7                              
00002ccf  config8                              
00002d93  config9                              
000021e9  config_moter_Pin                     
00001f29  config_trace_sensor                  
00002749  delay_ms                             
00002d49  delay_us                             
00000791  further                              
00002dd3  further_task1                        
00002e1b  further_task2                        
00002e1d  further_task3                        
00002e1f  further_task4                        
2020053c  gENCODER_QEIBackup                   
20200480  gMOTOR_PWMBackup                     
00001959  get_T                                
00002571  get_TL1                              
000025a1  get_TL2                              
000025d1  get_TL3                              
00002601  get_TL4                              
00002631  get_TR1                              
00002661  get_TR2                              
00002691  get_TR3                              
000026c1  get_TR4                              
00001775  get_T_ALL                            
00001161  get_Terror                           
00000000  interruptVectors                     
202005dc  key1state                            
202005dd  key2state                            
000028b3  main                                 
00002955  task1                                
00002dfd  task2                                
00002e21  task3                                
00002e23  task4                                
00000df9  trace_to_cross                       


GLOBAL SYMBOLS: SORTED BY Symbol Address 

address   name                                 
-------   ----                                 
00000000  __TI_ATRegion0_region_sz             
00000000  __TI_ATRegion0_src_addr              
00000000  __TI_ATRegion0_trg_addr              
00000000  __TI_ATRegion1_region_sz             
00000000  __TI_ATRegion1_src_addr              
00000000  __TI_ATRegion1_trg_addr              
00000000  __TI_ATRegion2_region_sz             
00000000  __TI_ATRegion2_src_addr              
00000000  __TI_ATRegion2_trg_addr              
00000000  __TI_static_base__                   
00000000  interruptVectors                     
000000c1  UI_Control                           
00000200  __STACK_SIZE                         
0000045d  config                               
00000791  further                              
00000a19  SYSCFG_DL_GPIO_init                  
00000c29  OLED_ShowChar                        
00000df9  trace_to_cross                       
00001061  OLED_Init                            
00001161  get_Terror                           
00001251  DL_SYSCTL_configSYSPLL               
0000133d  DL_Timer_initFourCCPWMMode           
00001429  Set_PWM                              
00001511  PID_Compute                          
000015e9  __aeabi_fsub                         
000015e9  __subsf3                             
000015f3  __addsf3                             
000015f3  __aeabi_fadd                         
000016c1  OLED_WR_Byte                         
00001775  get_T_ALL                            
00001821  autoturn                             
000018bf  OLED_ShowString                      
00001959  get_T                                
000019f3  config2                              
000019f5  OLED_DrawPoint                       
00001a85  SYSCFG_DL_MOTOR_PWM_init             
00001b15  __aeabi_fmul                         
00001b15  __mulsf3                             
00001c25  __aeabi_fdiv                         
00001c25  __divsf3                             
00001ca7  config3                              
00001ca9  OLED_Refresh                         
00001d25  __TI_decompress_lzss                 
00001da1  SYSCFG_DL_initPower                  
00001e09  __aeabi_fcmpeq                       
00001e1d  __aeabi_fcmplt                       
00001e31  __aeabi_fcmple                       
00001e45  __aeabi_fcmpge                       
00001e59  __aeabi_fcmpgt                       
00001e6b  config4                              
00001e6d  OLED_Clear                           
00001ecd  SYSCFG_DL_ENCODER_QEI_init           
00001f29  config_trace_sensor                  
00001f83  PID_Init                             
00001fdb  config5                              
00001fdd  SYSCFG_DL_I2C_MPU6050_init           
00002089  DL_SYSCTL_switchMCLKfromSYSOSCtoHSCLK
000020d5  GROUP1_IRQHandler                    
00002121  SYSCFG_DL_SYSCTL_init                
00002169  DL_Timer_setCaptureCompareOutCtl     
000021a9  TB6612_Init                          
000021e9  config_moter_Pin                     
00002265  DL_Timer_setCaptureCompareCtl        
000022dd  __gesf2                              
000022dd  __gtsf2                              
00002319  __TI_auto_init_nobinit_nopinit       
00002355  __cmpsf2                             
00002355  __eqsf2                              
00002355  __lesf2                              
00002355  __ltsf2                              
00002355  __nesf2                              
0000238f  config6                              
00002391  __muldsi3                            
000023cb  config7                              
000023cd  __aeabi_f2iz                         
000023cd  __fixsfsi                            
00002439  DL_I2C_setClockConfig                
0000246d  DL_Timer_setCaptCompUpdateMethod     
000024a1  DL_Timer_setCaptureCompareAction     
000024d5  DL_Timer_setCaptureCompareInput      
00002509  DL_Timer_setClockConfig              
0000253d  SYSCFG_DL_init                       
00002571  get_TL1                              
000025a1  get_TL2                              
000025d1  get_TL3                              
00002601  get_TL4                              
00002631  get_TR1                              
00002661  get_TR2                              
00002691  get_TR3                              
000026c1  get_TR4                              
000026f1  DL_Timer_setCaptureCompareValue      
00002749  delay_ms                             
00002865  _c_int00_noargs                      
000028b3  main                                 
00002955  task1                                
00002c6b  DL_Common_delayCycles                
00002ccf  config8                              
00002d49  delay_us                             
00002d6f  TI_memcpy_small                      
00002d81  __TI_decompress_none                 
00002d93  config9                              
00002db5  __TI_zero_init                       
00002dc5  TI_memset_small                      
00002dd3  further_task1                        
00002de1  __aeabi_memclr                       
00002de1  __aeabi_memclr4                      
00002de1  __aeabi_memclr8                      
00002ded  __aeabi_memcpy                       
00002ded  __aeabi_memcpy4                      
00002ded  __aeabi_memcpy8                      
00002df5  config1                              
00002dfd  task2                                
00002e05  abort                                
00002e0b  ADC0_IRQHandler                      
00002e0b  ADC1_IRQHandler                      
00002e0b  AES_IRQHandler                       
00002e0b  CANFD0_IRQHandler                    
00002e0b  DAC0_IRQHandler                      
00002e0b  DMA_IRQHandler                       
00002e0b  Default_Handler                      
00002e0b  GROUP0_IRQHandler                    
00002e0b  HardFault_Handler                    
00002e0b  I2C0_IRQHandler                      
00002e0b  I2C1_IRQHandler                      
00002e0b  NMI_Handler                          
00002e0b  PendSV_Handler                       
00002e0b  RTC_IRQHandler                       
00002e0b  SPI0_IRQHandler                      
00002e0b  SPI1_IRQHandler                      
00002e0b  SVC_Handler                          
00002e0b  SysTick_Handler                      
00002e0b  TIMA0_IRQHandler                     
00002e0b  TIMA1_IRQHandler                     
00002e0b  TIMG0_IRQHandler                     
00002e0b  TIMG12_IRQHandler                    
00002e0b  TIMG6_IRQHandler                     
00002e0b  TIMG7_IRQHandler                     
00002e0b  TIMG8_IRQHandler                     
00002e0b  UART0_IRQHandler                     
00002e0b  UART1_IRQHandler                     
00002e0b  UART2_IRQHandler                     
00002e0b  UART3_IRQHandler                     
00002e0e  C$$EXIT                              
00002e0f  HOSTexit                             
00002e13  Reset_Handler                        
00002e17  _system_pre_init                     
00002e1b  further_task2                        
00002e1d  further_task3                        
00002e1f  further_task4                        
00002e21  task3                                
00002e23  task4                                
00002e28  asc2_2412                            
00003b84  asc2_1608                            
00004174  asc2_1206                            
000045e8  asc2_0806                            
00004998  __TI_Handler_Table_Base              
000049a4  __TI_Handler_Table_Limit             
000049b4  __TI_CINIT_Base                      
000049c4  __TI_CINIT_Limit                     
000049c4  __TI_CINIT_Warm                      
20200000  OLED_GRAM                            
20200000  __start___llvm_prf_bits              
20200000  __start___llvm_prf_cnts              
20200000  __stop___llvm_prf_bits               
20200000  __stop___llvm_prf_cnts               
20200480  gMOTOR_PWMBackup                     
2020053c  gENCODER_QEIBackup                   
202005dc  key1state                            
202005dd  key2state                            
20207e00  __stack                              
20208000  __STACK_END                          
ffffffff  __TI_pprof_out_hndl                  
ffffffff  __TI_prof_data_size                  
ffffffff  __TI_prof_data_start                 
ffffffff  __binit__                            
ffffffff  binit                                
UNDEFED   __mpu_init                           
UNDEFED   _system_post_cinit                   

[178 symbols]
